
U-Boot 2014.04 (Dec 11 2015 - 15:30:38)

CPU:   Freescale i.MX6Q rev1.2 at 792 MHz
CPU:   Temperature 24 C, calibration data: 0x55a4ab7d
Reset cause: POR
Board: MOVIS-PREVAS
I2C:   ready
DRAM:  2 GiB
MMC:   FSL_SDHC: 0
SF: Detected S25FL128S_64K with page size 256 Bytes, erase size 64 KiB, total 16 MiB
Display: HDMI (640x480)
In:    serial
Out:   serial
Err:   serial
Found PFUZE100 deviceid=10,revid=11
Net:   FEC [PRIME]
Normal Boot
Hit any key to stop autoboot:  0 
AHCI 0001.0300 32 slots 1 ports 3 Gbps 0x1 impl SATA mode
flags: ncq stag pm led clo only pmp pio slum part 
SATA Device Info:
S/N: 141545400590
Product model number: SanDisk SD6SB1M-032G-1006
Firmware version: X231706
Capacity: 62533296 sectors
reading imx6q-movis.dtb
39888 bytes read in 7 ms (5.4 MiB/s)
reading uImage
6061976 bytes read in 68 ms (85 MiB/s)
## Booting kernel from Legacy Image at 12800000 ...
   Image Name:   Linux-3.14.28
   Image Type:   ARM Linux Kernel Image (uncompressed)
   Data Size:    6061912 Bytes = 5.8 MiB
   Load Address: 12700000
   Entry Point:  12700000
## Flattened Device Tree blob at 11200000
   Booting using the fdt blob at 0x11200000
   Loading Kernel Image ... OK
   Using Device Tree in place at 11200000, end 1120cbcf
switch to ldo_bypass mode!

Starting kernel ...

Booting Linux on physical CPU 0x0
Linux version 3.14.28 (extinremo@bans4) (gcc version 4.6.2 20110630 (prerelease) (Freescale MAD -- Linaro 2011.07 -- Built at 2011/08/10 09:20) ) #7 SMP PREEMPT Fri Dec 11 16:53:15 IST 2015
CPU: ARMv7 Processor [412fc09a] revision 10 (ARMv7), cr=10c53c7d
CPU: PIPT / VIPT nonaliasing data cache, VIPT aliasing instruction cache
Machine model: Prevas A/S
cma: CMA: reserved 320 MiB at 6a000000
Memory policy: Data cache writealloc
PERCPU: Embedded 8 pages/cpu @ee71f000 s8896 r8192 d15680 u32768
Built 1 zonelists in Zone order, mobility grouping on.  Total pages: 520720
Kernel command line: console=ttymxc0,115200 rdinit=/linuxrc g_mass_storage.stall=0 g_mass_storage.removable=1 g_mass_storage.idVendor=0x066F g_mass_storage.idProduct=0x37FF g_mass_storage.iSerialNumber= et
PID hash table entries: 4096 (order: 2, 16384 bytes)
Dentry cache hash table entries: 262144 (order: 8, 1048576 bytes)
Inode-cache hash table entries: 131072 (order: 7, 524288 bytes)
Memory: 1735936K/2097152K available (7227K kernel code, 396K rwdata, 6256K rodata, 328K init, 429K bss, 361216K reserved, 270336K highmem)
Virtual kernel memory layout:
    vector  : 0xffff0000 - 0xffff1000   (   4 kB)
    fixmap  : 0xfff00000 - 0xfffe0000   ( 896 kB)
    vmalloc : 0xf0000000 - 0xff000000   ( 240 MB)
    lowmem  : 0x80000000 - 0xef800000   (1784 MB)
    pkmap   : 0x7fe00000 - 0x80000000   (   2 MB)
    modules : 0x7f000000 - 0x7fe00000   (  14 MB)
      .text : 0x80008000 - 0x80d330d4   (13485 kB)
      .init : 0x80d34000 - 0x80d862c0   ( 329 kB)
      .data : 0x80d88000 - 0x80deb260   ( 397 kB)
       .bss : 0x80deb26c - 0x80e56968   ( 430 kB)
SLUB: HWalign=64, Order=0-3, MinObjects=0, CPUs=4, Nodes=1
Preemptible hierarchical RCU implementation.
NR_IRQS:16 nr_irqs:16 16
L310 cache controller enabled
l2x0: 16 ways, CACHE_ID 0x410000c7, AUX_CTRL 0x32070000, Cache size: 1024 kB
Switching to timer-based delay loop
sched_clock: 32 bits at 3000kHz, resolution 333ns, wraps every 1431655765682ns
Console: colour dummy device 80x30
Calibrating delay loop (skipped), value calculated using timer frequency.. 6.00 BogoMIPS (lpj=30000)
pid_max: default: 32768 minimum: 301
Mount-cache hash table entries: 4096 (order: 2, 16384 bytes)
Mountpoint-cache hash table entries: 4096 (order: 2, 16384 bytes)
CPU: Testing write buffer coherency: ok
CPU0: thread -1, cpu 0, socket 0, mpidr 80000000
Setting up static identity map for 0x106dcc40 - 0x106dcc98
CPU1: Booted secondary processor
CPU1: thread -1, cpu 1, socket 0, mpidr 80000001
CPU2: Booted secondary processor
CPU2: thread -1, cpu 2, socket 0, mpidr 80000002
CPU3: Booted secondary processor
CPU3: thread -1, cpu 3, socket 0, mpidr 80000003
Brought up 4 CPUs
SMP: Total of 4 processors activated.
CPU: All CPU(s) started in SVC mode.
devtmpfs: initialized
VFP support v0.3: implementor 41 architecture 3 part 30 variant 9 rev 4
pinctrl core: initialized pinctrl subsystem
regulator-dummy: no parameters
NET: Registered protocol family 16
DMA: preallocated 256 KiB pool for atomic coherent allocations
cpuidle: using governor ladder
cpuidle: using governor menu
CPU identified as i.MX6Q, silicon rev 1.2
Use WDOG1 as reset source
syscon 20c8000.anatop: regmap [mem 0x020c8000-0x020c8fff] registered
vdd1p1: 800 <--> 1375 mV at 1100 mV 
vdd3p0: 2800 <--> 3150 mV at 3000 mV 
vdd2p5: 2000 <--> 2750 mV at 2400 mV 
vddarm: 725 <--> 1450 mV 
vddpu: 725 <--> 1450 mV 
vddsoc: 725 <--> 1450 mV 
syscon 20e0000.iomuxc-gpr: regmap [mem 0x020e0000-0x020e0037] registered
syscon 21bc000.ocotp-ctrl: regmap [mem 0x021bc000-0x021bffff] registered
hw-breakpoint: found 5 (+1 reserved) breakpoint and 1 watchpoint registers.
hw-breakpoint: maximum watchpoint size is 4 bytes.
imx6q-pinctrl 20e0000.iomuxc: initialized IMX pinctrl driver
bio: create slab <bio-0> at 0
mxs-dma 110000.dma-apbh: initialized
2P5V: 2500 mV 
3P3V: 3300 mV 
usb_otg_vbus: 5000 mV 
usb_h1_vbus: 5000 mV 
mipi_dsi_pwr_on: no parameters
sensor-supply: 3300 mV 
sd2_pwr: 3300 mV 
vgaarb: loaded
i2c-core: driver [max17135] using legacy suspend method
i2c-core: driver [max17135] using legacy resume method
SCSI subsystem initialized
usbcore: registered new interface driver usbfs
usbcore: registered new interface driver hub
usbcore: registered new device driver usb
usbphy_nop1.12 supply vcc not found, using dummy regulator
usbphy_nop2.13 supply vcc not found, using dummy regulator
pca953x 0-0032: failed reading register
pca953x: probe of 0-0032 failed with error -5
i2c i2c-0: IMX I2C adapter registered
i2c i2c-1: IMX I2C adapter registered
i2c i2c-2: IMX I2C adapter registered
Linux video capture interface: v2.00
pps_core: LinuxPPS API ver. 1 registered
pps_core: Software ver. 5.3.6 - Copyright 2005-2007 Rodolfo Giometti <giometti@linux.it>
PTP clock support registered
imx-ipuv3 2400000.ipu: IPU DMFC NORMAL mode: 1(0~1), 5B(4,5), 5F(6,7)
imx-ipuv3 2800000.ipu: IPU DMFC NORMAL mode: 1(0~1), 5B(4,5), 5F(6,7)
mxc_mipi_csi2 21dc000.mipi_csi: i.MX MIPI CSI2 driver probed
mxc_mipi_csi2 21dc000.mipi_csi: i.MX MIPI CSI2 dphy version is 0x3130302a
MIPI CSI2 driver module loaded
Advanced Linux Sound Architecture Driver Initialized.
cfg80211: Calling CRDA to update world regulatory domain
Switched to clocksource mxc_timer1
NET: Registered protocol family 2
TCP established hash table entries: 16384 (order: 4, 65536 bytes)
TCP bind hash table entries: 16384 (order: 5, 131072 bytes)
TCP: Hash tables configured (established 16384 bind 16384)
TCP: reno registered
UDP hash table entries: 1024 (order: 3, 32768 bytes)
UDP-Lite hash table entries: 1024 (order: 3, 32768 bytes)
NET: Registered protocol family 1
RPC: Registered named UNIX socket transport module.
RPC: Registered udp transport module.
RPC: Registered tcp transport module.
RPC: Registered tcp NFSv4.1 backchannel transport module.
hw perfevents: enabled with ARMv7 Cortex-A9 PMU driver, 7 counters available
imx6_busfreq busfreq.16: DDR medium rate not supported.
Bus freq driver module loaded
futex hash table entries: 1024 (order: 4, 65536 bytes)
bounce pool size: 64 pages
VFS: Disk quotas dquot_6.5.2
Dquot-cache hash table entries: 1024 (order 0, 4096 bytes)
NFS: Registering the id_resolver key type
Key type id_resolver registered
Key type id_legacy registered
jffs2: version 2.2. (NAND) �© 2001-2006 Red Hat, Inc.
fuse init (API version 7.22)
msgmni has been set to 3502
io scheduler noop registered
io scheduler deadline registered
io scheduler cfq registered (default)
imx-weim 21b8000.weim: Driver registered.
backlight.27 supply power not found, using dummy regulator
mxc_mipi_dsi 21e0000.mipi: i.MX MIPI DSI driver probed
MIPI DSI driver module loaded
mxc_sdc_fb fb.25: registered mxc display driver ldb
imx-ipuv3 2800000.ipu: IPU DMFC DP HIGH RESOLUTION: 1(0,1), 5B(2~5), 5F(6,7)
Console: switching to colour frame buffer device 128x48
mxc_hdmi 20e0000.hdmi_video: Detected HDMI controller 0x13:0xa:0xa0:0xc1
fbcvt: 1920x1080@60: CVT Name - 2.073M9
mxc_sdc_fb fb.26: registered mxc display driver hdmi
imx-sdma 20ec000.sdma: no iram assigned, using external mem
imx-sdma 20ec000.sdma: no event needs to be remapped
imx-sdma 20ec000.sdma: loaded firmware 3.1
imx-sdma 20ec000.sdma: initialized
pfuze100-regulator 2-0008: Full layer: 1, Metal layer: 1
pfuze100-regulator 2-0008: FAB: 0, FIN: 0
pfuze100-regulator 2-0008: pfuze100 found.
SW1AB: 300 <--> 1875 mV at 1150 mV 
SW1C: 300 <--> 1875 mV at 1175 mV 
SW2: 800 <--> 3300 mV at 3300 mV 
SW3A: 400 <--> 1975 mV at 1500 mV 
SW3B: 400 <--> 1975 mV at 1500 mV 
SW4: 800 <--> 3300 mV at 3150 mV 
SWBST: 5000 <--> 5150 mV at 5000 mV 
VSNVS: 1000 <--> 3000 mV at 3000 mV 
VREFDDR: 750 mV 
VGEN1: 800 <--> 1550 mV at 1500 mV 
VGEN2: 800 <--> 1550 mV at 1500 mV 
VGEN3: 1800 <--> 3300 mV at 2500 mV 
VGEN4: 1800 <--> 3300 mV at 1800 mV 
VGEN5: 1800 <--> 3300 mV at 3000 mV 
VGEN6: 1800 <--> 3300 mV at 3300 mV 
Serial: IMX driver
2020000.serial: ttymxc0 at MMIO 0x2020000 (irq = 58, base_baud = 5000000) is a IMX
console [ttymxc0] enabled
serial: Freescale lpuart driver
imx sema4 driver is registered.
[drm] Initialized drm 1.1.0 20060810
[drm] Initialized vivante 1.0.0 20120216 on minor 0
brd: module loaded
loop: module loaded
ahci-imx 2200000.sata: fsl,transmit-level-mV not specified, using 00000024
ahci-imx 2200000.sata: fsl,transmit-boost-mdB not specified, using 00000480
ahci-imx 2200000.sata: fsl,transmit-atten-16ths not specified, using 00002000
ahci-imx 2200000.sata: fsl,receive-eq-mdB not specified, using 05000000
ahci-imx 2200000.sata: SSS flag set, parallel bus scan disabled
ahci-imx 2200000.sata: AHCI 0001.0300 32 slots 1 ports 3 Gbps 0x1 impl platform mode
ahci-imx 2200000.sata: flags: ncq sntf stag pm led clo only pmp pio slum part ccc apst 
scsi0 : ahci_platform
ata1: SATA max UDMA/133 mmio [mem 0x02200000-0x02203fff] port 0x100 irq 71
m25p80 spi3.0: unrecognized JEDEC id ffffff
spi_imx 2014000.ecspi: probed
CAN device driver interface
2090000.can supply xceiver not found, using dummy regulator
flexcan 2090000.can: device registered (reg_base=f0268000, irq=142)
2094000.can supply xceiver not found, using dummy regulator
flexcan 2094000.can: device registered (reg_base=f0270000, irq=143)
2188000.ethernet supply phy not found, using dummy regulator
pps pps0: new PPS source ptp0
libphy: fec_enet_mii_bus: probed
fec 2188000.ethernet eth0: registered PHC device 0
ehci_hcd: USB 2.0 'Enhanced' Host Controller (EHCI) Driver
ehci-pci: EHCI PCI platform driver
ehci-mxc: Freescale On-Chip EHCI Host driver
usbcore: registered new interface driver usb-storage
2184800.usbmisc supply vbus-wakeup not found, using dummy regulator
ci_hdrc ci_hdrc.1: doesn't support gadget
ci_hdrc ci_hdrc.1: EHCI Host Controller
ci_hdrc ci_hdrc.1: new USB bus registered, assigned bus number 1
ci_hdrc ci_hdrc.1: USB 2.0 started, EHCI 1.00
hub 1-0:1.0: USB hub found
hub 1-0:1.0: 1 port detected
mousedev: PS/2 mouse device common for all mice
i2c-core: driver [isl29023] using legacy suspend method
i2c-core: driver [isl29023] using legacy resume method
snvs_rtc 20cc034.snvs-rtc-lp: rtc core: registered 20cc034.snvs-rtc-lp as rtc0
i2c /dev entries driver
IR NEC protocol handler initialized
IR RC5(x) protocol handler initialized
IR RC6 protocol handler initialized
IR JVC protocol handler initialized
IR Sony protocol handler initialized
IR RC5 (streamzap) protocol handler initialized
IR SANYO protocol handler initialized
IR MCE Keyboard/mouse protocol handler initialized
mxc_v4l2_output v4l2_out.30: V4L2 device registered as video16
mxc_v4l2_output v4l2_out.30: V4L2 device registered as video17
mxc_v4l2_output v4l2_out.30: V4L2 device registered as video18
mxc_v4l2_output v4l2_out.30: V4L2 device registered as video19
i2c-core: driver [mag3110] using legacy suspend method
i2c-core: driver [mag3110] using legacy resume method
sdhci: Secure Digital Host Controller Interface driver
sdhci: Copyright(c) Pierre Ossman
sdhci-pltfm: SDHCI platform and OF driver helper
mmc1: no vmmc regulator found
mmc1: SDHCI controller on 2194000.usdhc [2194000.usdhc] using ADMA
mmc3: no vqmmc regulator found
mmc3: no vmmc regulator found
mmc3: SDHCI controller on 219c000.usdhc [219c000.usdhc] using ADMA
Galcore version 5.0.11.25762
PU: Power-on latency exceeded, new value 2343000 ns
mmc3: BKOPS_EN bit is not set
usb 1-1: new high-speed USB device number 2 using ci_hdrc
mmc3: new high speed DDR MMC card at address 0001
mmcblk3: mmc3:0001 P1XXXX 3.60 GiB 
mmcblk3boot0: mmc3:0001 P1XXXX partition 1 2.00 MiB
mmcblk3boot1: mmc3:0001 P1XXXX partition 2 2.00 MiB
mmcblk3rpmb: mmc3:0001 P1XXXX partition 3 128 KiB
 mmcblk3: p1 p2
 mmcblk3boot1: unknown partition table
 mmcblk3boot0: unknown partition table
ata1: SATA link up 1.5 Gbps (SStatus 113 SControl 300)
ata1.00: ATA-9: SanDisk SD6SB1M-032G-1006, X231706, max UDMA/100
ata1.00: 62533296 sectors, multi 1: LBA48 NCQ (depth 31/32)
ata1.00: configured for UDMA/100
scsi 0:0:0:0: Direct-Access     ATA      SanDisk SD6SB1M- 706  PQ: 0 ANSI: 5
sd 0:0:0:0: [sda] 62533296 512-byte logical blocks: (32.0 GB/29.8 GiB)
sd 0:0:0:0: [sda] Write Protect is off
sd 0:0:0:0: [sda] Write cache: enabled, read cache: enabled, doesn't support DPO or FUA
 sda: sda1 sda2 sda3
sd 0:0:0:0: [sda] Attached SCSI disk
hub 1-1:1.0: USB hub found
hub 1-1:1.0: 4 ports detected
usb 1-1.2: new high-speed USB device number 3 using ci_hdrc
mxc_vdoa 21e4000.vdoa: i.MX Video Data Order Adapter(VDOA) driver probed
mxc_vpu 2040000.vpu: VPU initialized
caam 2100000.caam: Instantiated RNG4 SH0
caam 2100000.caam: Instantiated RNG4 SH1
caam 2100000.caam: device ID = 0x0a160100 (Era 4)
caam 2100000.caam: job rings = 2, qi = 0
caam algorithms registered in /proc/crypto
caam_jr 2101000.jr0: registering rng-caam
platform caam_sm: blkkey_ex: 4 keystore units available
platform caam_sm: 64-bit clear key:
platform caam_sm: [0000] 00 01 02 03 04 0f 06 07
platform caam_sm: 64-bit black key:
platform caam_sm: [0000] 29 61 af a1 90 ae cc 26
platform caam_sm: [0008] 37 2d cd 95 86 b3 d3 18
platform caam_sm: 128-bit clear key:
platform caam_sm: [0000] 00 01 02 03 04 0f 06 07
platform caam_sm: [0008] 08 09 0a 0b 0c 0d 0e 0f
platform caam_sm: 128-bit black key:
platform caam_sm: [0000] fc ab 9d c6 7e 69 76 ab
platform caam_sm: [0008] 47 ec ea 19 4e 5a 3f 66
platform caam_sm: 192-bit clear key:
platform caam_sm: [0000] 00 01 02 03 04 0f 06 07
platform caam_sm: [0008] 08 09 0a 0b 0c 0d 0e 0f
platform caam_sm: [0016] 10 11 12 13 14 15 16 17
platform caam_sm: 192-bit black key:
platform caam_sm: [0000] 76 c9 9f 63 48 10 52 4f
platform caam_sm: [0008] 3b eb 5e 06 2f ba 9f f7
platform caam_sm: [0016] 5d d0 17 4f 91 f3 fe 2c
platform caam_sm: [0024] 76 6d 75 12 f3 0e c9 31
platform caam_sm: 256-bit clear key:
platform caam_sm: [0000] 00 01 02 03 04 0f 06 07
platform caam_sm: [0008] 08 09 0a 0b 0c 0d 0e 0f
platform caam_sm: [0016] 10 11 12 13 14 15 16 17
platform caam_sm: [0024] 18 19 1a 1b 1c 1d 1e 1f
platform caam_sm: 256-bit black key:
platform caam_sm: [0000] 36 0b bd 76 32 53 7c c5
platform caam_sm: [0008] 89 1d 69 8e 42 21 ce fc
platform caam_sm: [0016] 54 ac f0 82 e6 ac 70 e4
platform caam_sm: [0024] 75 29 59 ff c0 3f b1 2c
platform caam_sm: 64-bit unwritten blob:
platform caam_sm: [0000] 00 00 00 00 00 00 00 00
platform caam_sm: [0008] 00 00 00 00 00 00 00 00
platform caam_sm: [0016] 00 00 00 00 00 00 00 00
platform caam_sm: [0024] 00 00 00 00 00 00 00 00
platform caam_sm: [0032] 00 00 00 00 00 00 00 00
platform caam_sm: [0040] 00 00 00 00 00 00 00 00
platform caam_sm: [0048] 00 00 00 00 00 00 00 00
platform caam_sm: [0056] 00 00 00 00 00 00 00 00
platform caam_sm: [0064] 00 00 00 00 00 00 00 00
platform caam_sm: [0072] 00 00 00 00 00 00 00 00
platform caam_sm: [0080] 00 00 00 00 00 00 00 00
platform caam_sm: [0088] 00 00 00 00 00 00 00 00
platform caam_sm: 128-bit unwritten blob:
platform caam_sm: [0000] 00 00 00 00 00 00 00 00
platform caam_sm: [0008] 00 00 00 00 00 00 00 00
platform caam_sm: [0016] 00 00 00 00 00 00 00 00
platform caam_sm: [0024] 00 00 00 00 00 00 00 00
platform caam_sm: [0032] 00 00 00 00 00 00 00 00
platform caam_sm: [0040] 00 00 00 00 00 00 00 00
platform caam_sm: [0048] 00 00 00 00 00 00 00 00
platform caam_sm: [0056] 00 00 00 00 00 00 00 00
platform caam_sm: [0064] 00 00 00 00 00 00 00 00
platform caam_sm: [0072] 00 00 00 00 00 00 00 00
platform caam_sm: [0080] 00 00 00 00 00 00 00 00
platform caam_sm: [0088] 00 00 00 00 00 00 00 00
platform caam_sm: 196-bit unwritten blob:
platform caam_sm: [0000] 00 00 00 00 00 00 00 00
platform caam_sm: [0008] 00 00 00 00 00 00 00 00
platform caam_sm: [0016] 00 00 00 00 00 00 00 00
platform caam_sm: [0024] 00 00 00 00 00 00 00 00
platform caam_sm: [0032] 00 00 00 00 00 00 00 00
platform caam_sm: [0040] 00 00 00 00 00 00 00 00
platform caam_sm: [0048] 00 00 00 00 00 00 00 00
platform caam_sm: [0056] 00 00 00 00 00 00 00 00
platform caam_sm: [0064] 00 00 00 00 00 00 00 00
platform caam_sm: [0072] 00 00 00 00 00 00 00 00
platform caam_sm: [0080] 00 00 00 00 00 00 00 00
platform caam_sm: [0088] 00 00 00 00 00 00 00 00
platform caam_sm: 256-bit unwritten blob:
platform caam_sm: [0000] 00 00 00 00 00 00 00 00
platform caam_sm: [0008] 00 00 00 00 00 00 00 00
platform caam_sm: [0016] 00 00 00 00 00 00 00 00
platform caam_sm: [0024] 00 00 00 00 00 00 00 00
platform caam_sm: [0032] 00 00 00 00 00 00 00 00
platform caam_sm: [0040] 00 00 00 00 00 00 00 00
platform caam_sm: [0048] 00 00 00 00 00 00 00 00
platform caam_sm: [0056] 00 00 00 00 00 00 00 00
platform caam_sm: [0064] 00 00 00 00 00 00 00 00
platform caam_sm: [0072] 00 00 00 00 00 00 00 00
platform caam_sm: [0080] 00 00 00 00 00 00 00 00
platform caam_sm: [0088] 00 00 00 00 00 00 00 00
platform caam_sm: 64-bit black key in blob:
platform caam_sm: [0000] cf ef 67 f2 11 a1 c8 bd
platform caam_sm: [0008] 76 f3 6a c8 10 95 e0 a4
platform caam_sm: [0016] cb 4a 24 07 b1 12 51 06
platform caam_sm: [0024] 13 83 c9 9b 98 8a 0a be
platform caam_sm: [0032] 64 6f ba eb e4 34 6f 52
platform caam_sm: [0040] f9 24 ad 66 ca a5 e8 9a
platform caam_sm: [0048] c5 23 96 65 c2 6c ba 79
platform caam_sm: [0056] 00 00 00 00 00 00 00 00
platform caam_sm: [0064] 00 00 00 00 00 00 00 00
platform caam_sm: [0072] 00 00 00 00 00 00 00 00
platform caam_sm: [0080] 00 00 00 00 00 00 00 00
platform caam_sm: [0088] 00 00 00 00 00 00 00 00
platform caam_sm: 128-bit black key in blob:
platform caam_sm: [0000] e0 a8 a3 48 26 e7 81 dd
platform caam_sm: [0008] e4 f5 7f 71 5b ae 23 12
platform caam_sm: [0016] 8b a0 08 85 3e da 33 f4
platform caam_sm: [0024] 76 77 54 ca ec 59 0d 48
platform caam_sm: [0032] 95 d9 3f 64 a8 26 3c ad
platform caam_sm: [0040] 5b 5b df 1c 54 88 9d d5
platform caam_sm: [0048] b4 57 d2 96 e1 0f 1a 36
platform caam_sm: [0056] a5 69 ff 9e 20 aa 59 51
platform caam_sm: [0064] 00 00 00 00 00 00 00 00
platform caam_sm: [0072] 00 00 00 00 00 00 00 00
platform caam_sm: [0080] 00 00 00 00 00 00 00 00
platform caam_sm: [0088] 00 00 00 00 00 00 00 00
platform caam_sm: 192-bit black key in blob:
platform caam_sm: [0000] 7a 46 d8 0a 0b 90 46 e6
platform caam_sm: [0008] 98 0a 7e d4 62 e9 02 dd
platform caam_sm: [0016] a9 f6 7c 8b 43 68 72 9d
platform caam_sm: [0024] a0 a1 8b 58 5a 5b 3d 40
platform caam_sm: [0032] c1 8a af 70 83 d8 f8 13
platform caam_sm: [0040] 40 93 9e 63 fa 83 03 96
platform caam_sm: [0048] f2 bc a0 ac c5 ad 12 2c
platform caam_sm: [0056] 6b 4a b6 b3 3f fd 4a 1f
platform caam_sm: [0064] 32 e4 76 28 e3 95 07 32
platform caam_sm: [0072] 00 00 00 00 00 00 00 00
platform caam_sm: [0080] 00 00 00 00 00 00 00 00
platform caam_sm: [0088] 00 00 00 00 00 00 00 00
platform caam_sm: 256-bit black key in blob:
platform caam_sm: [0000] 29 16 28 d2 33 73 da d2
platform caam_sm: [0008] f4 a6 23 76 40 29 46 ed
platform caam_sm: [0016] c7 d5 16 62 16 f2 db 08
platform caam_sm: [0024] 96 01 46 06 c9 95 b9 5f
platform caam_sm: [0032] 0a 5c 2b b8 02 87 db c3
platform caam_sm: [0040] e7 fa 6e 1d 87 2a 3f 14
platform caam_sm: [0048] 79 39 a2 86 82 9f 19 3b
platform caam_sm: [0056] 2f 8d 4a b6 32 c1 96 82
platform caam_sm: [0064] f2 9c cc 18 7b f4 fa 12
platform caam_sm: [0072] 74 8b f5 f8 a0 82 21 3e
platform caam_sm: [0080] 00 00 00 00 00 00 00 00
platform caam_sm: [0088] 00 00 00 00 00 00 00 00
platform caam_sm: restored 64-bit black key:
platform caam_sm: [0000] 67 17 44 7f 7e d8 95 1b
platform caam_sm: [0008] 2b 58 1a ba e0 a5 c4 41
platform caam_sm: restored 128-bit black key:
platform caam_sm: [0000] fc ab 9d c6 7e 69 76 ab
platform caam_sm: [0008] 47 ec ea 19 4e 5a 3f 66
platform caam_sm: restored 192-bit black key:
platform caam_sm: [0000] 76 c9 9f 63 48 10 52 4f
platform caam_sm: [0008] 3b eb 5e 06 2f ba 9f f7
platform caam_sm: [0016] 51 52 5d 3a 75 31 e5 c4
platform caam_sm: [0024] 79 46 b7 07 e4 bc cc 79
platform caam_sm: restored 256-bit black key:
platform caam_sm: [0000] 36 0b bd 76 32 53 7c c5
platform caam_sm: [0008] 89 1d 69 8e 42 21 ce fc
platform caam_sm: [0016] 54 ac f0 82 e6 ac 70 e4
platform caam_sm: [0024] 75 29 59 ff c0 3f b1 2c
snvs-secvio 20cc000.caam-snvs: violation handlers armed - non-secure state
usbcore: registered new interface driver usbhid
usbhid: USB HID core driver
sgtl5000 2-000a: sgtl5000 revision 0x11
fsl-asrc 2034000.asrc: driver registered
2-000a: 1200 mV normal 
sgtl5000 2-000a: Using internal LDO instead of VDDD
imx-sgtl5000 sound.23: sgtl5000 <-> 2028000.ssi mapping ok
imx-audio-hdmi sound-hdmi.24: hdmi-hifi <-> hdmi_audio.3 mapping ok
NET: Registered protocol family 26
TCP: cubic registered
NET: Registered protocol family 10
sit: IPv6 over IPv4 tunneling driver
NET: Registered protocol family 17
can: controller area network core (rev 20120528 abi 9)
NET: Registered protocol family 29
can: raw protocol (rev 20120528)
can: broadcast manager protocol (rev 20120528 t)
can: netlink gateway (rev 20130117) max_hops=1
8021q: 802.1Q VLAN Support v1.8
lib80211: common routines for IEEE802.11 drivers
Key type dns_resolver registered
VGEN2: disabling
VGEN1: disabling
SWBST: disabling
SW4: disabling
sd2_pwr: disabling
sensor-supply: disabling
usb_otg_vbus: disabling
regulator-dummy: disabling
imx mcc test is registered.
snvs_rtc 20cc034.snvs-rtc-lp: setting system clock to 1970-01-01 00:00:02 UTC (2)
ALSA device list:
  #0: imx6q-movis-sgtl5000
  #1: imx-hdmi-soc
EXT3-fs (sda3): error: couldn't mount because of unsupported optional features (240)
EXT2-fs (sda3): error: couldn't mount because of unsupported optional features (240)
EXT4-fs (sda3): mounted filesystem with ordered data mode. Opts: (null)
VFS: Mounted root (ext4 filesystem) on device 8:3.
devtmpfs: mounted
Freeing unused kernel memory: 328K (80d34000 - 80d86000)
starting pid 164, tty '': '/etc/rc.d/rcS'
Mounting /proc and /sys 
Starting the hotplug events dispatcher udevd
udevd (174): /proc/174/oom_adj is deprecated, please use /proc/174/oom_score_adj instead.
Synthesizing initial hotplug events
Setting the hostname to freescale
Mounting filesystems
EXT4-fs (sda3): re-mounted. Opts: (null)
mount: mounting usbfs on /proc/bus/usb failed: No such file or directory
Starting the dropbear ssh server: 
random: dropbear urandom read with 68 bits of entropy available
D-Bus per-session daemon address is: unix:abstract=/tmp/dbus-pwovkmAgpR,guid=0fdd5e9fd4acba34e593cc4000000006
usb 1-1.4: new high-speed USB device number 4 using ci_hdrc
usb 1-1.4: config 1 has an invalid interface number: 8 but max is 5
usb 1-1.4: config 1 has an invalid interface number: 10 but max is 5
usb 1-1.4: config 1 has an invalid interface number: 11 but max is 5
usb 1-1.4: config 1 has no interface number 1
usb 1-1.4: config 1 has no interface number 4
usb 1-1.4: config 1 has no interface number 5
random: nonblocking pool is initialized
gtk: creating gdk-pixbuf.loaders
pango: creating module list
starting pid 1566, tty '': '/etc/rc.d/rc_gpu.S'
/etc/rc.d/rc_gpu.S: line 6: /sys/module/galcore/parameters/gpu3DMinClock: Permission denied
starting pid 1574, tty '': '/etc/rc.d/rc_mxc.S'
(EE) XKB: Couldn't open rules file /usr/share/X11/xkb/rules/base
(EE) XKB: No components provided for device Virtual core keyboard

arm-none-linux-gnueabi-gcc (Freescale MAD -- Linaro 2011.07 -- Built at 2011/08/10 09:20) 4.6.2 20110630 (prerelease)
root filesystem built on Fri, 16 Aug 2013 20:23:44 +0800
Freescale Semiconductor, Inc.

freescale login: root
login[1576]: root login on 'ttymxc0'


BusyBox v1.20.2 () built-in shell (ash)
Enter 'help' for a list of built-in commands.

root@freescale ~$ cd  /
root@freescale /$ matchbox: keyboard does not appear to have a <alt> key.
matchbox: ignoring key shortcut <Alt>n=next

matchbox: keyboard does not appear to have a <alt> key.
matchbox: ignoring key shortcut <Alt>p=prev

matchbox: keyboard does not appear to have a <alt> key.
matchbox: ignoring key shortcut <Alt>c=close

matchbox: keyboard does not appear to have a <alt> key.
matchbox: ignoring key shortcut <Alt>d=desktop

matchbox: keyboard does not appear to have a <alt> key.
matchbox: ignoring key shortcut <Alt>m=!matchbox-remote -mbmenu

matchbox: keyboard does not appear to have a <alt> key.
matchbox: ignoring key shortcut <ctrl><alt>x=!xterm

matchbox: keyboard does not appear to have a <alt> key.
matchbox: ignoring key shortcut <ctrl><alt>r=!rxvt

matchbox: keyboard does not appear to have a <alt> key.
matchbox: ignoring key shortcut <ctrl><alt>e=!!gpe-calender

matchbox: keyboard does not appear to have a <alt> key.
matchbox: ignoring key shortcut <alt>Tab=next

matchbox: keyboard does not appear to have a <alt> key.
matchbox: ignoring key shortcut <alt><shift>Tab=prev

matchbox: keyboard does not appear to have a <alt> key.
matchbox: ignoring key shortcut <alt>space=taskmenu

matchbox: keyboard does not appear to have a <alt> key.
matchbox: ignoring key shortcut <alt>escape=!matchbox-remote -mbmenu

matchbox: keyboard does not appear to have a <alt> key.
matchbox: ignoring key shortcut <alt>f4=close

matchbox: Cant find a keycode for keysym 65480
matchbox: ignoring key shortcut f11=fullscreen

Failed to get root pixmap id
matchbox-desktop: loading /usr/lib/matchbox/desktop/tasks.so with args ( None )
matchbox-desktop: loading /usr/lib/matchbox/desktop/dotdesktop.so with args ( None )
user_overides is (nil)
mb-desktop-dotdesktop: failed to open /usr/local/share/applications
mb-desktop-dotdesktop: failed to open //.applications
mb-applet-menu-launcher: bonobo-browser.desktop has no icon, png or name
mb-applet-menu-launcher: failed to open /usr/local/share/applications
mb-applet-menu-launcher: failed to open //.applications
mb-applet-menu-launcher: bonobo-browser.desktop has no icon, png or name
mb-applet-menu-launcher: failed to open /usr/local/share/applications
mb-applet-menu-launcher: failed to open //.applications

root@freescale /$ 
root@freescale /$ ls
bin                lib                sbin               usr
dev                lost+found         share              var
etc                mnt                sierra.ko          zumi
g_mass_storage.ko  opt                sys
home               proc               tmp
include            root               unit_tests
root@freescale /$ insmod sierra.ko 
sierra: Unknown symbol usb_serial_port_softint (err 0)
sierra: Unknown symbol usb_serial_deregister_drivers (err 0)
sierra: Unknown symbol usb_serial_register_drivers (err 0)
insmod: can't insert 'sierra.ko': unknown symbol in module, or unknown parameter
root@freescale /$ 
root@freescale /$ 
root@freescale /$ lsusb
Bus 001 Device 002: ID 0424:2514
Bus 001 Device 001: ID 1d6b:0002
Bus 001 Device 003: ID 0bda:8192
Bus 001 Device 004: ID 1199:68c0
root@freescale /$ 
root@freescale /$ lsmod
Module                  Size  Used by
root@freescale /$ 
root@freescale /$ 
root@freescale /$ usb 1-1.4: USB disconnect, device number 4
