extinremo@bans4:~$ sudo minicom
[sudo] password for extinremo: 

Welcome to minicom 2.7

OPTIONS: I18n 
Compiled on Jan  1 2014, 17:13:19.
Port /dev/ttyUSB0, 10:18:48

Press CTRL-A Z for help on special keys

�

U-Boot 2014.04 (Dec 11 2015 - 15:30:38)

CPU:   Freescale i.MX6Q rev1.2 at 792 MHz
CPU:   Temperature 27 C, calibration data: 0x55a4ab7d
Reset cause: POR
Board: MOVIS-PREVAS
I2C:   ready
DRAM:  2 GiB
MMC:   FSL_SDHC: 0
SF: Detected S25FL128S_64K with page size 256 Bytes, erase size 64 KiB, total 16 MiB
Display: HDMI (640x480)
In:    serial
Out:   serial
Err:   serial
Found PFUZE100 deviceid=10,revid=11
Net:   Phy not found
PHY reset timed out
FEC [PRIME]
Normal Boot
Hit any key to stop autoboot:  0 
AHCI 0001.0300 32 slots 1 ports 3 Gbps 0x1 impl SATA mode
flags: ncq stag pm led clo only pmp pio slum part 
SATA Device Info:
S/N: 141545400590
Product model number: SanDisk SD6SB1M-032G-1006
Firmware version: X231706
Capacity: 62533296 sectors
reading imx6q-movis.dtb
40262 bytes read in 7 ms (5.5 MiB/s)
reading uImage
6158400 bytes read in 67 ms (87.7 MiB/s)
## Booting kernel from Legacy Image at 12800000 ...
   Image Name:   Linux-3.14.28
   Image Type:   ARM Linux Kernel Image (uncompressed)
   Data Size:    6158336 Bytes = 5.9 MiB
   Load Address: 12700000
   Entry Point:  12700000
## Flattened Device Tree blob at 11200000
   Booting using the fdt blob at 0x11200000
   Loading Kernel Image ... OK
   Using Device Tree in place at 11200000, end 1120cd45
switch to ldo_bypass mode!

Starting kernel ...

Booting Linux on physical CPU 0x0
Linux version 3.14.28 (extinremo@bans4) (gcc version 4.6.2 20110630 (prerelease) (Freescale MAD -- Linaro 2011.07 -- Built at 2011/08/10 09:20) ) #4 SMP PREEMPT Mon Dec 21 11:58:18 IST 2015
CPU: ARMv7 Processor [412fc09a] revision 10 (ARMv7), cr=10c53c7d
CPU: PIPT / VIPT nonaliasing data cache, VIPT aliasing instruction cache
Machine model: Prevas A/S
cma: CMA: reserved 320 MiB at 6a000000
Memory policy: Data cache writealloc
PERCPU: Embedded 8 pages/cpu @ee71f000 s8896 r8192 d15680 u32768
Built 1 zonelists in Zone order, mobility grouping on.  Total pages: 520720
Kernel command line: console=ttymxc0,115200 rdinit=/linuxrc g_mass_storage.stall=0 g_mass_storage.removable=1 g_mass_storage.idVendor=0x066F g_mass_storage.idProduct=0x37FF g_mass_storage.iSerialNumber= ent
PID hash table entries: 4096 (order: 2, 16384 bytes)
Dentry cache hash table entries: 262144 (order: 8, 1048576 bytes)
Inode-cache hash table entries: 131072 (order: 7, 524288 bytes)
Memory: 1735768K/2097152K available (7360K kernel code, 399K rwdata, 6284K rodata, 328K init, 433K bss, 361384K reserved, 270336K highmem)
Virtual kernel memory layout:
    vector  : 0xffff0000 - 0xffff1000   (   4 kB)
    fixmap  : 0xfff00000 - 0xfffe0000   ( 896 kB)
    vmalloc : 0xf0000000 - 0xff000000   ( 240 MB)
    lowmem  : 0x80000000 - 0xef800000   (1784 MB)
    pkmap   : 0x7fe00000 - 0x80000000   (   2 MB)
    modules : 0x7f000000 - 0x7fe00000   (  14 MB)
      .text : 0x80008000 - 0x80d5b2a0   (13645 kB)
      .init : 0x80d5c000 - 0x80dae2c0   ( 329 kB)
      .data : 0x80db0000 - 0x80e13f60   ( 400 kB)
       .bss : 0x80e13f6c - 0x80e806a8   ( 434 kB)
SLUB: HWalign=64, Order=0-3, MinObjects=0, CPUs=4, Nodes=1
Preemptible hierarchical RCU implementation.
NR_IRQS:16 nr_irqs:16 16
L310 cache controller enabled
l2x0: 16 ways, CACHE_ID 0x410000c7, AUX_CTRL 0x32070000, Cache size: 1024 kB
Switching to timer-based delay loop
sched_clock: 32 bits at 3000kHz, resolution 333ns, wraps every 1431655765682ns
Console: colour dummy device 80x30
Calibrating delay loop (skipped), value calculated using timer frequency.. 6.00 BogoMIPS (lpj=30000)
pid_max: default: 32768 minimum: 301
Mount-cache hash table entries: 4096 (order: 2, 16384 bytes)
Mountpoint-cache hash table entries: 4096 (order: 2, 16384 bytes)
CPU: Testing write buffer coherency: ok
CPU0: thread -1, cpu 0, socket 0, mpidr 80000000
Setting up static identity map for 0x106fc598 - 0x106fc5f0
CPU1: Booted secondary processor
CPU1: thread -1, cpu 1, socket 0, mpidr 80000001
CPU2: Booted secondary processor
CPU2: thread -1, cpu 2, socket 0, mpidr 80000002
CPU3: Booted secondary processor
CPU3: thread -1, cpu 3, socket 0, mpidr 80000003
Brought up 4 CPUs
SMP: Total of 4 processors activated.
CPU: All CPU(s) started in SVC mode.
devtmpfs: initialized
VFP support v0.3: implementor 41 architecture 3 part 30 variant 9 rev 4
pinctrl core: initialized pinctrl subsystem
regulator-dummy: no parameters
NET: Registered protocol family 16
DMA: preallocated 256 KiB pool for atomic coherent allocations
cpuidle: using governor ladder
cpuidle: using governor menu
CPU identified as i.MX6Q, silicon rev 1.2
Use WDOG1 as reset source
syscon 20c8000.anatop: regmap [mem 0x020c8000-0x020c8fff] registered
vdd1p1: 800 <--> 1375 mV at 1100 mV 
vdd3p0: 2800 <--> 3150 mV at 3000 mV 
vdd2p5: 2000 <--> 2750 mV at 2400 mV 
vddarm: 725 <--> 1450 mV 
vddpu: 725 <--> 1450 mV 
vddsoc: 725 <--> 1450 mV 
syscon 20e0000.iomuxc-gpr: regmap [mem 0x020e0000-0x020e0037] registered
syscon 21bc000.ocotp-ctrl: regmap [mem 0x021bc000-0x021bffff] registered
hw-breakpoint: found 5 (+1 reserved) breakpoint and 1 watchpoint registers.
hw-breakpoint: maximum watchpoint size is 4 bytes.
imx6q-pinctrl 20e0000.iomuxc: initialized IMX pinctrl driver
bio: create slab <bio-0> at 0
mxs-dma 110000.dma-apbh: initialized
2P5V: 2500 mV 
3P3V: 3300 mV 
usb_otg_vbus: 5000 mV 
usb_h1_vbus: 5000 mV 
mipi_dsi_pwr_on: no parameters
sensor-supply: 3300 mV 
sd2_pwr: 3300 mV 
CAN XCVR: 3300 mV 
vgaarb: loaded
i2c-core: driver [max17135] using legacy suspend method
i2c-core: driver [max17135] using legacy resume method
SCSI subsystem initialized
usbcore: registered new interface driver usbfs
usbcore: registered new interface driver hub
usbcore: registered new device driver usb
usbphy_nop1.12 supply vcc not found, using dummy regulator
usbphy_nop2.13 supply vcc not found, using dummy regulator
pca953x 0-0032: failed reading register
pca953x: probe of 0-0032 failed with error -5
i2c i2c-0: IMX I2C adapter registered
i2c i2c-1: IMX I2C adapter registered
i2c i2c-2: IMX I2C adapter registered
Linux video capture interface: v2.00
pps_core: LinuxPPS API ver. 1 registered
pps_core: Software ver. 5.3.6 - Copyright 2005-2007 Rodolfo Giometti <giometti@linux.it>
PTP clock support registered
imx-ipuv3 2400000.ipu: IPU DMFC NORMAL mode: 1(0~1), 5B(4,5), 5F(6,7)
imx-ipuv3 2800000.ipu: IPU DMFC NORMAL mode: 1(0~1), 5B(4,5), 5F(6,7)
mxc_mipi_csi2 21dc000.mipi_csi: i.MX MIPI CSI2 driver probed
mxc_mipi_csi2 21dc000.mipi_csi: i.MX MIPI CSI2 dphy version is 0x3130302a
MIPI CSI2 driver module loaded
Advanced Linux Sound Architecture Driver Initialized.
cfg80211: Calling CRDA to update world regulatory domain
Switched to clocksource mxc_timer1
NET: Registered protocol family 2
TCP established hash table entries: 16384 (order: 4, 65536 bytes)
TCP bind hash table entries: 16384 (order: 5, 131072 bytes)
TCP: Hash tables configured (established 16384 bind 16384)
TCP: reno registered
UDP hash table entries: 1024 (order: 3, 32768 bytes)
UDP-Lite hash table entries: 1024 (order: 3, 32768 bytes)
NET: Registered protocol family 1
RPC: Registered named UNIX socket transport module.
RPC: Registered udp transport module.
RPC: Registered tcp transport module.
RPC: Registered tcp NFSv4.1 backchannel transport module.
hw perfevents: enabled with ARMv7 Cortex-A9 PMU driver, 7 counters available
imx6_busfreq busfreq.16: DDR medium rate not supported.
Bus freq driver module loaded
futex hash table entries: 1024 (order: 4, 65536 bytes)
bounce pool size: 64 pages
VFS: Disk quotas dquot_6.5.2
Dquot-cache hash table entries: 1024 (order 0, 4096 bytes)
NFS: Registering the id_resolver key type
Key type id_resolver registered
Key type id_legacy registered
jffs2: version 2.2. (NAND) �© 2001-2006 Red Hat, Inc.
fuse init (API version 7.22)
msgmni has been set to 3502
io scheduler noop registered
io scheduler deadline registered
io scheduler cfq registered (default)
imx-weim 21b8000.weim: Driver registered.
imx6q-pcie 1ffc000.pcie: phy link never came up
imx6q-pcie 1ffc000.pcie: Failed to bring link up!
imx6q-pcie 1ffc000.pcie: failed to initialize host
imx6q-pcie: probe of 1ffc000.pcie failed with error -22
backlight.27 supply power not found, using dummy regulator
mxc_mipi_dsi 21e0000.mipi: i.MX MIPI DSI driver probed
MIPI DSI driver module loaded
mxc_sdc_fb fb.25: registered mxc display driver ldb
imx-ipuv3 2800000.ipu: IPU DMFC DP HIGH RESOLUTION: 1(0,1), 5B(2~5), 5F(6,7)
Console: switching to colour frame buffer device 128x48
mxc_hdmi 20e0000.hdmi_video: Detected HDMI controller 0x13:0xa:0xa0:0xc1
fbcvt: 1920x1080@60: CVT Name - 2.073M9
mxc_sdc_fb fb.26: registered mxc display driver hdmi
imx-sdma 20ec000.sdma: no iram assigned, using external mem
imx-sdma 20ec000.sdma: no event needs to be remapped
imx-sdma 20ec000.sdma: loaded firmware 3.1
imx-sdma 20ec000.sdma: initialized
pfuze100-regulator 2-0008: unrecognized pfuze chip ID!
pfuze100-regulator: probe of 2-0008 failed with error -110
Serial: IMX driver
2020000.serial: ttymxc0 at MMIO 0x2020000 (irq = 58, base_baud = 5000000) is a IMX
console [ttymxc0] enabled
serial: Freescale lpuart driver
imx sema4 driver is registered.
[drm] Initialized drm 1.1.0 20060810
[drm] Initialized vivante 1.0.0 20120216 on minor 0
brd: module loaded
loop: module loaded
ahci-imx 2200000.sata: fsl,transmit-level-mV not specified, using 00000024
ahci-imx 2200000.sata: fsl,transmit-boost-mdB not specified, using 00000480
ahci-imx 2200000.sata: fsl,transmit-atten-16ths not specified, using 00002000
ahci-imx 2200000.sata: fsl,receive-eq-mdB not specified, using 05000000
ahci-imx 2200000.sata: SSS flag set, parallel bus scan disabled
ahci-imx 2200000.sata: AHCI 0001.0300 32 slots 1 ports 3 Gbps 0x1 impl platform mode
ahci-imx 2200000.sata: flags: ncq sntf stag pm led clo only pmp pio slum part ccc apst 
scsi0 : ahci_platform
ata1: SATA max UDMA/133 mmio [mem 0x02200000-0x02203fff] port 0x100 irq 71
m25p80 spi3.0: unrecognized JEDEC id ffffff
spi_imx 2014000.ecspi: probed
vcan: Virtual CAN interface driver
CAN device driver interface
flexcan 2090000.can: device registered (reg_base=f0270000, irq=142)
flexcan 2094000.can: device registered (reg_base=f0278000, irq=143)
2188000.ethernet supply phy not found, using dummy regulator
pps pps0: new PPS source ptp0
libphy: fec_enet_mii_bus: probed
fec 2188000.ethernet eth0: registered PHC device 0
ehci_hcd: USB 2.0 'Enhanced' Host Controller (EHCI) Driver
ehci-pci: EHCI PCI platform driver
ehci-mxc: Freescale On-Chip EHCI Host driver
usbcore: registered new interface driver usb-storage
2184800.usbmisc supply vbus-wakeup not found, using dummy regulator
ci_hdrc ci_hdrc.1: doesn't support gadget
ci_hdrc ci_hdrc.1: EHCI Host Controller
ci_hdrc ci_hdrc.1: new USB bus registered, assigned bus number 1
ci_hdrc ci_hdrc.1: USB 2.0 started, EHCI 1.00
hub 1-0:1.0: USB hub found
hub 1-0:1.0: 1 port detected
mousedev: PS/2 mouse device common for all mice
i2c-core: driver [isl29023] using legacy suspend method
i2c-core: driver [isl29023] using legacy resume method
snvs_rtc 20cc034.snvs-rtc-lp: rtc core: registered 20cc034.snvs-rtc-lp as rtc0
i2c /dev entries driver
IR NEC protocol handler initialized
IR RC5(x) protocol handler initialized
IR RC6 protocol handler initialized
IR JVC protocol handler initialized
IR Sony protocol handler initialized
IR RC5 (streamzap) protocol handler initialized
IR SANYO protocol handler initialized
IR MCE Keyboard/mouse protocol handler initialized
mxc_v4l2_output v4l2_out.30: V4L2 device registered as video16
mxc_v4l2_output v4l2_out.30: V4L2 device registered as video17
mxc_v4l2_output v4l2_out.30: V4L2 device registered as video18
mxc_v4l2_output v4l2_out.30: V4L2 device registered as video19
i2c-core: driver [mag3110] using legacy suspend method
i2c-core: driver [mag3110] using legacy resume method
sdhci: Secure Digital Host Controller Interface driver
sdhci: Copyright(c) Pierre Ossman
sdhci-pltfm: SDHCI platform and OF driver helper
mmc1: no vqmmc regulator found
mmc1: no vmmc regulator found
mmc1: SDHCI controller on 2194000.usdhc [2194000.usdhc] using ADMA
mmc3: no vqmmc regulator found
mmc3: no vmmc regulator found
mmc3: SDHCI controller on 219c000.usdhc [219c000.usdhc] using ADMA
Galcore version 5.0.11.25762
mmc3: BKOPS_EN bit is not set
usb 1-1: new high-speed USB device number 2 using ci_hdrc
mmc3: new high speed DDR MMC card at address 0001
mmcblk3: mmc3:0001 P1XXXX 3.60 GiB 
mmcblk3boot0: mmc3:0001 P1XXXX partition 1 2.00 MiB
mmcblk3boot1: mmc3:0001 P1XXXX partition 2 2.00 MiB
mmcblk3rpmb: mmc3:0001 P1XXXX partition 3 128 KiB
 mmcblk3: p1
 mmcblk3boot1: unknown partition table
 mmcblk3boot0: unknown partition table
ata1: SATA link up 1.5 Gbps (SStatus 113 SControl 300)
ata1.00: ATA-9: SanDisk SD6SB1M-032G-1006, X231706, max UDMA/100
ata1.00: 62533296 sectors, multi 1: LBA48 NCQ (depth 31/32)
ata1.00: configured for UDMA/100
scsi 0:0:0:0: Direct-Access     ATA      SanDisk SD6SB1M- 706  PQ: 0 ANSI: 5
sd 0:0:0:0: [sda] 62533296 512-byte logical blocks: (32.0 GB/29.8 GiB)
sd 0:0:0:0: [sda] Write Protect is off
sd 0:0:0:0: [sda] Write cache: enabled, read cache: enabled, doesn't support DPO or FUA
 sda: sda1 sda2 sda3
sd 0:0:0:0: [sda] Attached SCSI disk
hub 1-1:1.0: USB hub found
hub 1-1:1.0: 4 ports detected
usb 1-1: USB disconnect, device number 2
mxc_vdoa 21e4000.vdoa: i.MX Video Data Order Adapter(VDOA) driver probed
mxc_vpu 2040000.vpu: VPU initialized
usb 1-1: new high-speed USB device number 3 using ci_hdrc
hub 1-1:1.0: USB hub found
hub 1-1:1.0: 4 ports detected
usb 1-1: USB disconnect, device number 3
caam 2100000.caam: Instantiated RNG4 SH0
usb 1-1: new high-speed USB device number 4 using ci_hdrc
caam 2100000.caam: Instantiated RNG4 SH1
caam 2100000.caam: device ID = 0x0a160100 (Era 4)
caam 2100000.caam: job rings = 2, qi = 0
caam algorithms registered in /proc/crypto
caam_jr 2101000.jr0: registering rng-caam
platform caam_sm: blkkey_ex: 4 keystore units available
platform caam_sm: 64-bit clear key:
platform caam_sm: [0000] 00 01 02 03 04 0f 06 07
platform caam_sm: 64-bit black key:
platform caam_sm: [0000] 3c 32 32 50 71 dd 0a 7e
platform caam_sm: [0008] 45 2d 5f 82 57 26 2c f2
platform caam_sm: 128-bit clear key:
platform caam_sm: [0000] 00 01 02 03 04 0f 06 07
platform caam_sm: [0008] 08 09 0a 0b 0c 0d 0e 0f
platform caam_sm: 128-bit black key:
platform caam_sm: [0000] 58 4d ac f9 4d 83 ed 81
platform caam_sm: [0008] 0d d4 86 30 f2 5a c8 5c
platform caam_sm: 192-bit clear key:
platform caam_sm: [0000] 00 01 02 03 04 0f 06 07
platform caam_sm: [0008] 08 09 0a 0b 0c 0d 0e 0f
platform caam_sm: [0016] 10 11 12 13 14 15 16 17
platform caam_sm: 192-bit black key:
platform caam_sm: [0000] f1 48 54 71 76 75 39 c2
hub 1-1:1.0: USB hub found
platform caam_sm: [0008] fa ff 21 f0 9b 6c 25 b7
hub 1-1:1.0: 4 ports detected
platform caam_sm: [0016] f3 95 da a0 c1 71 00 50
platform caam_sm: [0024] f2 59 b5 d2 b0 24 ca 7d
platform caam_sm: 256-bit clear key:
platform caam_sm: [0000] 00 01 02 03 04 0f 06 07
platform caam_sm: [0008] 08 09 0a 0b 0c 0d 0e 0f
platform caam_sm: [0016] 10 11 12 13 14 15 16 17
platform caam_sm: [0024] 18 19 1a 1b 1c 1d 1e 1f
platform caam_sm: 256-bit black key:
platform caam_sm: [0000] 97 21 fc 37 2a b6 82 38
platform caam_sm: [0008] b7 16 89 c1 7b 83 10 81
platform caam_sm: [0016] 05 bd 75 1c f9 5b 55 9e
platform caam_sm: [0024] 62 08 9e 7c 92 5e 16 37
platform caam_sm: 64-bit unwritten blob:
platform caam_sm: [0000] 00 00 00 00 00 00 00 00
platform caam_sm: [0008] 00 00 00 00 00 00 00 00
platform caam_sm: [0016] 00 00 00 00 00 00 00 00
platform caam_sm: [0024] 00 00 00 00 00 00 00 00
platform caam_sm: [0032] 00 00 00 00 00 00 00 00
platform caam_sm: [0040] 00 00 00 00 00 00 00 00
platform caam_sm: [0048] 00 00 00 00 00 00 00 00
platform caam_sm: [0056] 00 00 00 00 00 00 00 00
platform caam_sm: [0064] 00 00 00 00 00 00 00 00
platform caam_sm: [0072] 00 00 00 00 00 00 00 00
platform caam_sm: [0080] 00 00 00 00 00 00 00 00
platform caam_sm: [0088] 00 00 00 00 00 00 00 00
platform caam_sm: 128-bit unwritten blob:
platform caam_sm: [0000] 00 00 00 00 00 00 00 00
platform caam_sm: [0008] 00 00 00 00 00 00 00 00
platform caam_sm: [0016] 00 00 00 00 00 00 00 00
platform caam_sm: [0024] 00 00 00 00 00 00 00 00
platform caam_sm: [0032] 00 00 00 00 00 00 00 00
platform caam_sm: [0040] 00 00 00 00 00 00 00 00
platform caam_sm: [0048] 00 00 00 00 00 00 00 00
platform caam_sm: [0056] 00 00 00 00 00 00 00 00
platform caam_sm: [0064] 00 00 00 00 00 00 00 00
platform caam_sm: [0072] 00 00 00 00 00 00 00 00
platform caam_sm: [0080] 00 00 00 00 00 00 00 00
platform caam_sm: [0088] 00 00 00 00 00 00 00 00
platform caam_sm: 196-bit unwritten blob:
platform caam_sm: [0000] 00 00 00 00 00 00 00 00
platform caam_sm: [0008] 00 00 00 00 00 00 00 00
platform caam_sm: [0016] 00 00 00 00 00 00 00 00
platform caam_sm: [0024] 00 00 00 00 00 00 00 00
platform caam_sm: [0032] 00 00 00 00 00 00 00 00
platform caam_sm: [0040] 00 00 00 00 00 00 00 00
platform caam_sm: [0048] 00 00 00 00 00 00 00 00
platform caam_sm: [0056] 00 00 00 00 00 00 00 00
platform caam_sm: [0064] 00 00 00 00 00 00 00 00
platform caam_sm: [0072] 00 00 00 00 00 00 00 00
platform caam_sm: [0080] 00 00 00 00 00 00 00 00
platform caam_sm: [0088] 00 00 00 00 00 00 00 00
platform caam_sm: 256-bit unwritten blob:
platform caam_sm: [0000] 00 00 00 00 00 00 00 00
platform caam_sm: [0008] 00 00 00 00 00 00 00 00
platform caam_sm: [0016] 00 00 00 00 00 00 00 00
platform caam_sm: [0024] 00 00 00 00 00 00 00 00
platform caam_sm: [0032] 00 00 00 00 00 00 00 00
platform caam_sm: [0040] 00 00 00 00 00 00 00 00
platform caam_sm: [0048] 00 00 00 00 00 00 00 00
platform caam_sm: [0056] 00 00 00 00 00 00 00 00
platform caam_sm: [0064] 00 00 00 00 00 00 00 00
platform caam_sm: [0072] 00 00 00 00 00 00 00 00
platform caam_sm: [0080] 00 00 00 00 00 00 00 00
platform caam_sm: [0088] 00 00 00 00 00 00 00 00
platform caam_sm: 64-bit black key in blob:
platform caam_sm: [0000] 12 c5 65 ca 66 7c 3d 7a
platform caam_sm: [0008] 11 99 6f 32 85 6e 5b ec
platform caam_sm: [0016] a6 cf 12 d4 c5 b7 99 af
usb 1-1: USB disconnect, device number 4
platform caam_sm: [0024] eb c3 bb b2 2a 81 2e 31
platform caam_sm: [0032] a5 7a b1 0d a1 10 de 58
platform caam_sm: [0040] c3 99 e7 20 44 9a 45 1d
platform caam_sm: [0048] c9 35 de d1 6c 7c 49 99
platform caam_sm: [0056] 00 00 00 00 00 00 00 00
platform caam_sm: [0064] 00 00 00 00 00 00 00 00
platform caam_sm: [0072] 00 00 00 00 00 00 00 00
platform caam_sm: [0080] 00 00 00 00 00 00 00 00
platform caam_sm: [0088] 00 00 00 00 00 00 00 00
platform caam_sm: 128-bit black key in blob:
platform caam_sm: [0000] fc df f5 5c c6 a4 9f 37
platform caam_sm: [0008] b3 bc 8f 7e a1 8b f3 f3
platform caam_sm: [0016] 54 1d e0 59 54 c5 f5 24
platform caam_sm: [0024] cb 5f 24 ac 43 d6 2d 82
platform caam_sm: [0032] 3f 86 3a c7 be f8 dd ea
platform caam_sm: [0040] 75 5f 91 f0 cc 8e a2 31
platform caam_sm: [0048] 24 09 33 89 3e e8 55 ce
platform caam_sm: [0056] 4a 49 e8 e5 c2 99 d0 e4
platform caam_sm: [0064] 00 00 00 00 00 00 00 00
platform caam_sm: [0072] 00 00 00 00 00 00 00 00
platform caam_sm: [0080] 00 00 00 00 00 00 00 00
platform caam_sm: [0088] 00 00 00 00 00 00 00 00
platform caam_sm: 192-bit black key in blob:
platform caam_sm: [0000] c7 f6 25 40 90 6e b8 8b
platform caam_sm: [0008] c0 26 1e 37 c2 52 2b cb
platform caam_sm: [0016] 5b be 54 13 06 d1 27 91
platform caam_sm: [0024] 15 04 3d 24 d0 e1 67 04
platform caam_sm: [0032] e0 ae 96 1b a6 32 e4 6d
platform caam_sm: [0040] df a1 18 b2 9c c1 43 65
platform caam_sm: [0048] c8 c9 96 e1 c8 2c 0f d8
platform caam_sm: [0056] 87 93 6f 23 8e 7d 5a 34
platform caam_sm: [0064] 3e 0b 13 04 58 2b 09 dd
platform caam_sm: [0072] 00 00 00 00 00 00 00 00
platform caam_sm: [0080] 00 00 00 00 00 00 00 00
platform caam_sm: [0088] 00 00 00 00 00 00 00 00
platform caam_sm: 256-bit black key in blob:
platform caam_sm: [0000] 0e ff a2 12 83 d4 25 b4
platform caam_sm: [0008] 60 81 42 39 b6 25 c3 22
platform caam_sm: [0016] 57 3c f9 c8 25 bc e7 a9
platform caam_sm: [0024] 6b a5 0a 86 cc e1 e6 5d
platform caam_sm: [0032] 4b 95 37 2e e4 d2 b2 e5
platform caam_sm: [0040] 07 29 5f 8a 5d 8e 9f 78
platform caam_sm: [0048] 03 4b 79 74 16 ee 73 a8
platform caam_sm: [0056] 28 af f1 37 b9 e0 d6 ad
platform caam_sm: [0064] 30 0b 17 8c 88 e2 ba 61
platform caam_sm: [0072] dc 98 45 d6 17 7c d4 f4
platform caam_sm: [0080] 00 00 00 00 00 00 00 00
platform caam_sm: [0088] 00 00 00 00 00 00 00 00
platform caam_sm: restored 64-bit black key:
platform caam_sm: [0000] a1 81 6c 49 11 d7 83 6e
platform caam_sm: [0008] 94 0b b3 e4 6b 41 ec 6b
platform caam_sm: restored 128-bit black key:
platform caam_sm: [0000] 58 4d ac f9 4d 83 ed 81
platform caam_sm: [0008] 0d d4 86 30 f2 5a c8 5c
platform caam_sm: restored 192-bit black key:
platform caam_sm: [0000] f1 48 54 71 76 75 39 c2
platform caam_sm: [0008] fa ff 21 f0 9b 6c 25 b7
platform caam_sm: [0016] af 79 3b 9c cd e9 d9 30
platform caam_sm: [0024] 96 89 18 f8 49 39 fd b1
platform caam_sm: restored 256-bit black key:
platform caam_sm: [0000] 97 21 fc 37 2a b6 82 38
platform caam_sm: [0008] b7 16 89 c1 7b 83 10 81
platform caam_sm: [0016] 05 bd 75 1c f9 5b 55 9e
usb 1-1: new high-speed USB device number 5 using ci_hdrc
platform caam_sm: [0024] 62 08 9e 7c 92 5e 16 37
snvs-secvio 20cc000.caam-snvs: violation handlers armed - non-secure state
usbcore: registered new interface driver usbhid
usbhid: USB HID core driver
usbcore: registered new interface driver r8712u
hub 1-1:1.0: USB hub found
hub 1-1:1.0: 4 ports detected
usb 1-1: USB disconnect, device number 5
usb 1-1: new high-speed USB device number 6 using ci_hdrc
sgtl5000: probe of 2-000a failed with error -110
fsl-asrc 2034000.asrc: driver registered
imx-sgtl5000 sound.23: ASoC: CODEC (null) not registered
imx-sgtl5000 sound.23: snd_soc_register_card failed (-517)
platform sound.23: Driver imx-sgtl5000 requests probe deferral
imx-audio-hdmi sound-hdmi.24: hdmi-hifi <-> hdmi_audio.3 mapping ok
NET: Registered protocol family 26
TCP: cubic registered
NET: Registered protocol family 10
sit: IPv6 over IPv4 tunneling driver
NET: Registered protocol family 17
can: controller area network core (rev 20120528 abi 9)
NET: Registered protocol family 29
can: raw protocol (rev 20120528)
can: broadcast manager protocol (rev 20120528 t)
can: netlink gateway (rev 20130117) max_hops=1
8021q: 802.1Q VLAN Support v1.8
lib80211: common routines for IEEE802.11 drivers
Key type dns_resolver registered
cpu cpu0: failed to get regulators
imx6q-cpufreq: probe of imx6q-cpufreq.0 failed with error -2
CAN XCVR: disabling
sd2_pwr: disabling
sensor-supply: disabling
usb_otg_vbus: disabling
regulator-dummy: disabling
imx mcc test is registered.
imx-sgtl5000 sound.23: ASoC: CODEC (null) not registered
imx-sgtl5000 sound.23: snd_soc_register_card failed (-517)
platform sound.23: Driver imx-sgtl5000 requests probe deferral
snvs_rtc 20cc034.snvs-rtc-lp: setting system clock to 1970-01-01 00:00:02 UTC (2)
hub 1-1:1.0: USB hub found
hub 1-1:1.0: 4 ports detected
imx-sgtl5000 sound.23: ASoC: CODEC (null) not registered
ALSA device list:
  #0: imx-hdmi-soc
usb 1-1: USB disconnect, device number 6
imxMP#>\�Xۺ�orm sound.23: Driver imx-sgtl5000 requests probe deferral
imx-sgtl5000 sound.23: ASoC: CODEC (null) not registered
imx-sgtl5000 sound.23: snd_soc_register_card failed (-517)
platform sound.23: Driver imx-sgtl5000 requests probe deferral
EXT4-fs (sda3): recovery complete
EXT4-fs (sda3): mounted filesystem with ordered data mode. Opts: (null)
VFS: Mounted root (ext4 filesystem) on device 8:3.
devtmpfs: mounted
Freeing unused kernel memory: 328K (80d5c000 - 80dae000)
starting pid 164, tty '': '/etc/rc.d/rcS'
Mounting /proc and /sys 
Starting the hotplug events dispatcher udevd
udevd (175): /proc/175/oom_adj is deprecated, please use /proc/175/oom_score_adj instead.
Synthesizing initial hotplug events
usb 1-1: new high-speed USB device number 7 using ci_hdrc
hub 1-1:1.0: USB hub found
hub 1-1:1.0: 4 ports detected
imx-sgtl5000 sound.23: ASoC: CODEC (null) not registered
imx-sgtl5000 sound.23: snd_soc_register_card failed (-517)
usb 1-1: USB disconnect, device number 7
platform sound.23: Driver imx-sgtl5000 requests probe deferral
usb 1-1: new high-speed USB device number 8 using ci_hdrc
hub 1-1:1.0: USB hub found
hub 1-1:1.0: 4 ports detected
imx-sgtl5000 sound.23: ASoC: CODEC (null) not registered
imx-sgtl5000 sound.23: snd_soc_register_card failed (-517)
usb 1-1: USB disconnect, device number 8
platform sound.23: Driver imx-sgtl5000 requests probe deferral
usb 1-1: new high-speed USB device number 9 using ci_hdrc
hub 1-1:1.0: USB hub found
hub 1-1:1.0: 4 ports detected
imx-sgtl5000 sound.23: ASoC: CODEC (null) not registered
imx-sgtl5000 sound.23: snd_soc_register_card failed (-517)
usb 1-1: USB disconnect, device number 9
platform sound.23: Driver imx-sgtl5000 requests probe deferral
usb 1-1: new high-speed USB device number 10 using ci_hdrc
hub 1-1:1.0: USB hub found
hub 1-1:1.0: 4 ports detected
imx-sgtl5000 sound.23: ASoC: CODEC (null) not registered
imx-sgtl5000 sound.23: snd_soc_register_card failed (-517)
usb 1-1: USB disconnect, device number 10
platform sound.23: Driver imx-sgtl5000 requests probe deferral
imx-sgtl5000 sound.23: ASoC: CODEC (null) not registered
imx-sgtl5000 sound.23: snd_soc_register_card failed (-517)
platform sound.23: Driver imx-sgtl5000 requests probe deferral
usb 1-1: new high-speed USB device number 11 using ci_hdrc
hub 1-1:1.0: USB hub found
hub 1-1:1.0: 4 ports detected
imx-sgtl5000 sound.23: ASoC: CODEC (null) not registered
imx-sgtl5000 sound.23: snd_soc_register_card failed (-517)
usb 1-1: USB disconnect, device number 11
platform sound.23: Driver imx-sgtl5000 requests probe deferral
Setting the hostname to freescale
Mounting filesystems
EXT4-fs (sda3): re-mounted. Opts: (null)
mount: mounting usbfs on /proc/bus/usb failed: No such file or directory
Starting the dropbear ssh server: 
random: dropbear urandom read with 79 bits of entropy available
usb 1-1: new high-speed USB device number 12 using ci_hdrc
hub 1-1:1.0: USB hub found
hub 1-1:1.0: 4 ports detected
imx-sgtl5000 sound.23: ASoC: CODEC (null) not registered
imx-sgtl5000 sound.23: snd_soc_register_card failed (-517)
platform sound.23: Driver imx-sgtl5000 requests probe deferral
usb 1-1: USB disconnect, device number 12
imx-sgtl5000 sound.23: ASoC: CODEC (null) not registered
imx-sgtl5000 sound.23: snd_soc_register_card failed (-517)
platform sound.23: Driver imx-sgtl5000 requests probe deferral
usb 1-1: new high-speed USB device number 13 using ci_hdrc
D-Bus per-session daemon address is: unix:abstract=/tmp/dbus-PBz1VHAZoC,guid=637a2dd783bea747810ae99300000007
random: nonblocking pool is initialized
usb 1-1: new high-speed USB device number 14 using ci_hdrc
usb 1-1: new high-speed USB device number 15 using ci_hdrc
hub 1-1:1.0: USB hub found
hub 1-1:1.0: 4 ports detected
imx-sgtl5000 sound.23: ASoC: CODEC (null) not registered
imx-sgtl5000 sound.23: snd_soc_register_card failed (-517)
platform sound.23: Driver imx-sgtl5000 requests probe deferral
usb 1-1: USB disconnect, device number 15
imx-sgtl5000 sound.23: ASoC: CODEC (null) not registered
imx-sgtl5000 sound.23: snd_soc_register_card failed (-517)
platform sound.23: Driver imx-sgtl5000 requests probe deferral
usb 1-1: new high-speed USB device number 16 using ci_hdrc
hub 1-1:1.0: USB hub found
hub 1-1:1.0: 4 ports detected
imx-sgtl5000 sound.23: ASoC: CODEC (null) not registered
imx-sgtl5000 sound.23: snd_soc_register_card failed (-517)
platform sound.23: Driver imx-sgtl5000 requests probe deferral
usb 1-1: USB disconnect, device number 16
imx-sgtl5000 sound.23: ASoC: CODEC (null) not registered
imx-sgtl5000 sound.23: snd_soc_register_card failed (-517)
platform sound.23: Driver imx-sgtl5000 requests probe deferral
usb 1-1: new high-speed USB device number 17 using ci_hdrc
hub 1-1:1.0: USB hub found
hub 1-1:1.0: 4 ports detected
imx-sgtl5000 sound.23: ASoC: CODEC (null) not registered
imx-sgtl5000 sound.23: snd_soc_register_card failed (-517)
platform sound.23: Driver imx-sgtl5000 requests probe deferral
usb 1-1: USB disconnect, device number 17
imx-sgtl5000 sound.23: ASoC: CODEC (null) not registered
imx-sgtl5000 sound.23: snd_soc_register_card failed (-517)
platform sound.23: Driver imx-sgtl5000 requests probe deferral
usb 1-1: new high-speed USB device number 18 using ci_hdrc
hub 1-1:1.0: USB hub found
hub 1-1:1.0: 4 ports detected
imx-sgtl5000 sound.23: ASoC: CODEC (null) not registered
imx-sgtl5000 sound.23: snd_soc_register_card failed (-517)
platform sound.23: Driver imx-sgtl5000 requests probe deferral
usb 1-1: USB disconnect, device number 18
imx-sgtl5000 sound.23: ASoC: CODEC (null) not registered
imx-sgtl5000 sound.23: snd_soc_register_card failed (-517)
platform sound.23: Driver imx-sgtl5000 requests probe deferral
usb 1-1: new high-speed USB device number 19 using ci_hdrc
hub 1-1:1.0: USB hub found
hub 1-1:1.0: 4 ports detected
imx-sgtl5000 sound.23: ASoC: CODEC (null) not registered
imx-sgtl5000 sound.23: snd_soc_register_card failed (-517)
platform sound.23: Driver imx-sgtl5000 requests probe deferral
usb 1-1: USB disconnect, device number 19
imx-sgtl5000 sound.23: ASoC: CODEC (null) not registered
imx-sgtl5000 sound.23: snd_soc_register_card failed (-517)
platform sound.23: Driver imx-sgtl5000 requests probe deferral
usb 1-1: new high-speed USB device number 20 using ci_hdrc
hub 1-1:1.0: USB hub found
hub 1-1:1.0: 4 ports detected
imx-sgtl5000 sound.23: ASoC: CODEC (null) not registered
imx-sgtl5000 sound.23: snd_soc_register_card failed (-517)
platform sound.23: Driver imx-sgtl5000 requests probe deferral
usb 1-1: USB disconnect, device number 20
imx-sgtl5000 sound.23: ASoC: CODEC (null) not registered
imx-sgtl5000 sound.23: snd_soc_register_card failed (-517)
platform sound.23: Driver imx-sgtl5000 requests probe deferral
usb 1-1: new high-speed USB device number 21 using ci_hdrc
hub 1-1:1.0: USB hub found
hub 1-1:1.0: 4 ports detected
imx-sgtl5000 sound.23: ASoC: CODEC (null) not registered
imx-sgtl5000 sound.23: snd_soc_register_card failed (-517)
platform sound.23: Driver imx-sgtl5000 requests probe deferral
usb 1-1: USB disconnect, device number 21
usb 1-1: new high-speed USB device number 22 using ci_hdrc
hub 1-1:1.0: USB hub found
hub 1-1:1.0: 4 ports detected
imx-sgtl5000 sound.23: ASoC: CODEC (null) not registered
imx-sgtl5000 sound.23: snd_soc_register_card failed (-517)
platform sound.23: Driver imx-sgtl5000 requests probe deferral
usb 1-1: USB disconnect, device number 22
imx-sgtl5000 sound.23: ASoC: CODEC (null) not registered
imx-sgtl5000 sound.23: snd_soc_register_card failed (-517)
platform sound.23: Driver imx-sgtl5000 requests probe deferral
gtk: creating gdk-pixbuf.loaders
pango: creating module list
starting pid 1595, tty '': '/etc/rc.d/rc_gpu.S'
/etc/rc.d/rc_gpu.S: line 6: /sys/module/galcore/parameters/gpu3DMinClock: Permission denied
starting pid 1603, tty '': '/etc/rc.d/rc_mxc.S'
(EE) XKB: Couldn't open rules file /usr/share/X11/xkb/rules/base
(EE) XKB: No components provided for device Virtual core keyboard

arm-none-linux-gnueabi-gcc (Freescale MAD -- Linaro 2011.07 -- Built at 2011/08/10 09:20) 4.6.2 20110630 (prerelease)
root filesystem built on Fri, 16 usb 1-1: new high-speed USB device number 23 using ci_hdrc
Aug 2013 20:23:44 +0800
Freescale Semiconductor, Inc.

freescale login: hub 1-1:1.0: USB hub found
hub 1-1:1.0: 4 ports detected
imx-sgtl5000 sound.23: ASoC: CODEC (null) not registered
imx-sgtl5000 sound.23: snd_soc_register_card failed (-517)
usb 1-1: USB disconnect, device number 23
platform sound.23: Driver imx-sgtl5000 requests probe deferral
imx-sgtl5000 sound.23: ASoC: CODEC (null) not registered
imx-sgtl5000 sound.23: snd_soc_register_card failed (-517)
platform sound.23: Driver imx-sgtl5000 requests probe deferral
usb 1-1: new high-speed USB device number 24 using ci_hdrc

arm-none-linux-gnueabi-gcc (Freescale MAD -- Linaro 2011.07 -- Built at 2011/08/10 09:20) 4.6.2 20110630 (prerelease)
root filesystem built on Fri, 16 Aug 2013 20:23:44 +0800
Freescale Semiconductor, Inc.

freescale login: root
login[1605]: root login on 'ttymxc0'
