U-Boot 2014.04 (Dec 11 2015 - 15:30:38)

CPU:   Freescale i.MX6Q rev1.2 at 792 MHz
CPU:   Temperature 25 C, calibration data: 0x55a4ab7d
Reset cause: POR
Board: MOVIS-PREVAS
I2C:   ready
DRAM:  2 GiB
MMC:   FSL_SDHC: 0
SF: Detected S25FL128S_64K with page size 256 Bytes, erase size 64 KiB, total 16 MiB
Display: HDMI (640x480)
In:    serial
Out:   serial
Err:   serial
Found PFUZE100 deviceid=10,revid=11
Net:   FEC [PRIME]
Normal Boot
Hit any key to stop autoboot:  0 
AHCI 0001.0300 32 slots 1 ports 3 Gbps 0x1 impl SATA mode
flags: ncq stag pm led clo only pmp pio slum part 
SATA Device Info:
S/N: 141545400590
Product model number: SanDisk SD6SB1M-032G-1006
Firmware version: X231706
Capacity: 62533296 sectors
reading imx6q-movis.dtb
40057 bytes read in 7 ms (5.5 MiB/s)
reading uImage
6150136 bytes read in 69 ms (85 MiB/s)
## Booting kernel from Legacy Image at 12800000 ...
   Image Name:   Linux-3.14.28
   Image Type:   ARM Linux Kernel Image (uncompressed)
   Data Size:    6150072 Bytes = 5.9 MiB
   Load Address: 12700000
   Entry Point:  12700000
## Flattened Device Tree blob at 11200000
   Booting using the fdt blob at 0x11200000
   Loading Kernel Image ... OK
   Using Device Tree in place at 11200000, end 1120cc78
switch to ldo_bypass mode!

Starting kernel ...

Booting Linux on physical CPU 0x0
Linux version 3.14.28 (extinremo@bans4) (gcc version 4.6.2 20110630 (prerelease) (Freescale MAD -- Linaro 2011.07 -- Built at 2011/08/10 09:20) ) #16 SMP PREEMPT Thu Dec 17 10:03:34 IST 2015
CPU: ARMv7 Processor [412fc09a] revision 10 (ARMv7), cr=10c53c7d
CPU: PIPT / VIPT nonaliasing data cache, VIPT aliasing instruction cache
Machine model: Prevas A/S
cma: CMA: reserved 320 MiB at 6a000000
Memory policy: Data cache writealloc
PERCPU: Embedded 8 pages/cpu @ee71f000 s8896 r8192 d15680 u32768
Built 1 zonelists in Zone order, mobility grouping on.  Total pages: 520720
Kernel command line: console=ttymxc0,115200 rdinit=/linuxrc g_mass_storage.stall=0 g_mass_storage.removable=1 g_mass_storage.idVendor=0x066F g_mass_storage.idProduct=0x37FF g_mass_storage.iSerialNumber= et
PID hash table entries: 4096 (order: 2, 16384 bytes)
Dentry cache hash table entries: 262144 (order: 8, 1048576 bytes)
Inode-cache hash table entries: 131072 (order: 7, 524288 bytes)
Memory: 1735784K/2097152K available (7347K kernel code, 399K rwdata, 6280K rodata, 328K init, 433K bss, 361368K reserved, 270336K highmem)
Virtual kernel memory layout:
    vector  : 0xffff0000 - 0xffff1000   (   4 kB)
    fixmap  : 0xfff00000 - 0xfffe0000   ( 896 kB)
    vmalloc : 0xf0000000 - 0xff000000   ( 240 MB)
    lowmem  : 0x80000000 - 0xef800000   (1784 MB)
    pkmap   : 0x7fe00000 - 0x80000000   (   2 MB)
    modules : 0x7f000000 - 0x7fe00000   (  14 MB)
      .text : 0x80008000 - 0x80d5714c   (13629 kB)
      .init : 0x80d58000 - 0x80daa2c0   ( 329 kB)
      .data : 0x80dac000 - 0x80e0fe20   ( 400 kB)
       .bss : 0x80e0fe2c - 0x80e7c568   ( 434 kB)
SLUB: HWalign=64, Order=0-3, MinObjects=0, CPUs=4, Nodes=1
Preemptible hierarchical RCU implementation.
NR_IRQS:16 nr_irqs:16 16
L310 cache controller enabled
l2x0: 16 ways, CACHE_ID 0x410000c7, AUX_CTRL 0x32070000, Cache size: 1024 kB
Switching to timer-based delay loop
sched_clock: 32 bits at 3000kHz, resolution 333ns, wraps every 1431655765682ns
Console: colour dummy device 80x30
Calibrating delay loop (skipped), value calculated using timer frequency.. 6.00 BogoMIPS (lpj=30000)
pid_max: default: 32768 minimum: 301
Mount-cache hash table entries: 4096 (order: 2, 16384 bytes)
Mountpoint-cache hash table entries: 4096 (order: 2, 16384 bytes)
CPU: Testing write buffer coherency: ok
CPU0: thread -1, cpu 0, socket 0, mpidr 80000000
Setting up static identity map for 0x106f9920 - 0x106f9978
CPU1: Booted secondary processor
CPU1: thread -1, cpu 1, socket 0, mpidr 80000001
CPU2: Booted secondary processor
CPU2: thread -1, cpu 2, socket 0, mpidr 80000002
CPU3: Booted secondary processor
CPU3: thread -1, cpu 3, socket 0, mpidr 80000003
Brought up 4 CPUs
SMP: Total of 4 processors activated.
CPU: All CPU(s) started in SVC mode.
devtmpfs: initialized
VFP support v0.3: implementor 41 architecture 3 part 30 variant 9 rev 4
pinctrl core: initialized pinctrl subsystem
regulator-dummy: no parameters
NET: Registered protocol family 16
DMA: preallocated 256 KiB pool for atomic coherent allocations
cpuidle: using governor ladder
cpuidle: using governor menu
CPU identified as i.MX6Q, silicon rev 1.2
Use WDOG1 as reset source
syscon 20c8000.anatop: regmap [mem 0x020c8000-0x020c8fff] registered
vdd1p1: 800 <--> 1375 mV at 1100 mV 
vdd3p0: 2800 <--> 3150 mV at 3000 mV 
vdd2p5: 2000 <--> 2750 mV at 2400 mV 
vddarm: 725 <--> 1450 mV 
vddpu: 725 <--> 1450 mV 
vddsoc: 725 <--> 1450 mV 
syscon 20e0000.iomuxc-gpr: regmap [mem 0x020e0000-0x020e0037] registered
syscon 21bc000.ocotp-ctrl: regmap [mem 0x021bc000-0x021bffff] registered
hw-breakpoint: found 5 (+1 reserved) breakpoint and 1 watchpoint registers.
hw-breakpoint: maximum watchpoint size is 4 bytes.
imx6q-pinctrl 20e0000.iomuxc: initialized IMX pinctrl driver
bio: create slab <bio-0> at 0
mxs-dma 110000.dma-apbh: initialized
2P5V: 2500 mV 
3P3V: 3300 mV 
usb_otg_vbus: 5000 mV 
usb_h1_vbus: 5000 mV 
mipi_dsi_pwr_on: no parameters
sensor-supply: 3300 mV 
sd2_pwr: 3300 mV 
CAN XCVR: 3300 mV 
vgaarb: loaded
i2c-core: driver [max17135] using legacy suspend method
i2c-core: driver [max17135] using legacy resume method
SCSI subsystem initialized
usbcore: registered new interface driver usbfs
usbcore: registered new interface driver hub
usbcore: registered new device driver usb
usbphy_nop1.12 supply vcc not found, using dummy regulator
usbphy_nop2.13 supply vcc not found, using dummy regulator
pca953x 0-0032: failed reading register
pca953x: probe of 0-0032 failed with error -5
i2c i2c-0: IMX I2C adapter registered
i2c i2c-1: IMX I2C adapter registered
i2c i2c-2: IMX I2C adapter registered
Linux video capture interface: v2.00
pps_core: LinuxPPS API ver. 1 registered
pps_core: Software ver. 5.3.6 - Copyright 2005-2007 Rodolfo Giometti <giometti@linux.it>
PTP clock support registered
imx-ipuv3 2400000.ipu: IPU DMFC NORMAL mode: 1(0~1), 5B(4,5), 5F(6,7)
imx-ipuv3 2800000.ipu: IPU DMFC NORMAL mode: 1(0~1), 5B(4,5), 5F(6,7)
mxc_mipi_csi2 21dc000.mipi_csi: i.MX MIPI CSI2 driver probed
mxc_mipi_csi2 21dc000.mipi_csi: i.MX MIPI CSI2 dphy version is 0x3130302a
MIPI CSI2 driver module loaded
Advanced Linux Sound Architecture Driver Initialized.
cfg80211: Calling CRDA to update world regulatory domain
Switched to clocksource mxc_timer1
NET: Registered protocol family 2
TCP established hash table entries: 16384 (order: 4, 65536 bytes)
TCP bind hash table entries: 16384 (order: 5, 131072 bytes)
TCP: Hash tables configured (established 16384 bind 16384)
TCP: reno registered
UDP hash table entries: 1024 (order: 3, 32768 bytes)
UDP-Lite hash table entries: 1024 (order: 3, 32768 bytes)
NET: Registered protocol family 1
RPC: Registered named UNIX socket transport module.
RPC: Registered udp transport module.
RPC: Registered tcp transport module.
RPC: Registered tcp NFSv4.1 backchannel transport module.
hw perfevents: enabled with ARMv7 Cortex-A9 PMU driver, 7 counters available
imx6_busfreq busfreq.16: DDR medium rate not supported.
Bus freq driver module loaded
futex hash table entries: 1024 (order: 4, 65536 bytes)
bounce pool size: 64 pages
VFS: Disk quotas dquot_6.5.2
Dquot-cache hash table entries: 1024 (order 0, 4096 bytes)
NFS: Registering the id_resolver key type
Key type id_resolver registered
Key type id_legacy registered
jffs2: version 2.2. (NAND) �© 2001-2006 Red Hat, Inc.
fuse init (API version 7.22)
msgmni has been set to 3502
io scheduler noop registered
io scheduler deadline registered
io scheduler cfq registered (default)
imx-weim 21b8000.weim: Driver registered.
backlight.27 supply power not found, using dummy regulator
mxc_mipi_dsi 21e0000.mipi: i.MX MIPI DSI driver probed
MIPI DSI driver module loaded
mxc_sdc_fb fb.25: registered mxc display driver ldb
imx-ipuv3 2800000.ipu: IPU DMFC DP HIGH RESOLUTION: 1(0,1), 5B(2~5), 5F(6,7)
Console: switching to colour frame buffer device 128x48
mxc_hdmi 20e0000.hdmi_video: Detected HDMI controller 0x13:0xa:0xa0:0xc1
fbcvt: 1920x1080@60: CVT Name - 2.073M9
mxc_sdc_fb fb.26: registered mxc display driver hdmi
imx-sdma 20ec000.sdma: no iram assigned, using external mem
imx-sdma 20ec000.sdma: no event needs to be remapped
imx-sdma 20ec000.sdma: loaded firmware 3.1
imx-sdma 20ec000.sdma: initialized
pfuze100-regulator 2-0008: Full layer: 1, Metal layer: 1
pfuze100-regulator 2-0008: FAB: 0, FIN: 0
pfuze100-regulator 2-0008: pfuze100 found.
SW1AB: 300 <--> 1875 mV at 1150 mV 
SW1C: 300 <--> 1875 mV at 1175 mV 
SW2: 800 <--> 3300 mV at 3300 mV 
SW3A: 400 <--> 1975 mV at 1500 mV 
SW3B: 400 <--> 1975 mV at 1500 mV 
SW4: 800 <--> 3300 mV at 3150 mV 
SWBST: 5000 <--> 5150 mV at 5000 mV 
VSNVS: 1000 <--> 3000 mV at 3000 mV 
VREFDDR: 750 mV 
VGEN1: 800 <--> 1550 mV at 1500 mV 
VGEN2: 800 <--> 1550 mV at 1500 mV 
VGEN3: 1800 <--> 3300 mV at 2500 mV 
VGEN4: 1800 <--> 3300 mV at 1800 mV 
VGEN5: 1800 <--> 3300 mV at 3000 mV 
VGEN6: 1800 <--> 3300 mV at 3300 mV 
Serial: IMX driver
2020000.serial: ttymxc0 at MMIO 0x2020000 (irq = 58, base_baud = 5000000) is a IMX
console [ttymxc0] enabled
serial: Freescale lpuart driver
imx sema4 driver is registered.
[drm] Initialized drm 1.1.0 20060810
[drm] Initialized vivante 1.0.0 20120216 on minor 0
brd: module loaded
loop: module loaded
ahci-imx 2200000.sata: fsl,transmit-level-mV not specified, using 00000024
ahci-imx 2200000.sata: fsl,transmit-boost-mdB not specified, using 00000480
ahci-imx 2200000.sata: fsl,transmit-atten-16ths not specified, using 00002000
ahci-imx 2200000.sata: fsl,receive-eq-mdB not specified, using 05000000
ahci-imx 2200000.sata: SSS flag set, parallel bus scan disabled
ahci-imx 2200000.sata: AHCI 0001.0300 32 slots 1 ports 3 Gbps 0x1 impl platform mode
ahci-imx 2200000.sata: flags: ncq sntf stag pm led clo only pmp pio slum part ccc apst 
scsi0 : ahci_platform
ata1: SATA max UDMA/133 mmio [mem 0x02200000-0x02203fff] port 0x100 irq 71
m25p80 spi3.0: unrecognized JEDEC id ffffff
spi_imx 2014000.ecspi: probed
vcan: Virtual CAN interface driver
CAN device driver interface
flexcan 2090000.can: device registered (reg_base=f0268000, irq=142)
flexcan 2094000.can: device registered (reg_base=f0270000, irq=143)
2188000.ethernet supply phy not found, using dummy regulator
pps pps0: new PPS source ptp0
libphy: fec_enet_mii_bus: probed
fec 2188000.ethernet eth0: registered PHC device 0
ehci_hcd: USB 2.0 'Enhanced' Host Controller (EHCI) Driver
ehci-pci: EHCI PCI platform driver
ehci-mxc: Freescale On-Chip EHCI Host driver
usbcore: registered new interface driver usb-storage
2184800.usbmisc supply vbus-wakeup not found, using dummy regulator
ci_hdrc ci_hdrc.0: EHCI Host Controller
ci_hdrc ci_hdrc.0: new USB bus registered, assigned bus number 1
ci_hdrc ci_hdrc.0: USB 2.0 started, EHCI 1.00
hub 1-0:1.0: USB hub found
hub 1-0:1.0: 1 port detected
ci_hdrc ci_hdrc.1: doesn't support gadget
ci_hdrc ci_hdrc.1: EHCI Host Controller
ci_hdrc ci_hdrc.1: new USB bus registered, assigned bus number 2
ci_hdrc ci_hdrc.1: USB 2.0 started, EHCI 1.00
hub 2-0:1.0: USB hub found
hub 2-0:1.0: 1 port detected
mousedev: PS/2 mouse device common for all mice
i2c-core: driver [isl29023] using legacy suspend method
i2c-core: driver [isl29023] using legacy resume method
snvs_rtc 20cc034.snvs-rtc-lp: rtc core: registered 20cc034.snvs-rtc-lp as rtc0
i2c /dev entries driver
IR NEC protocol handler initialized
IR RC5(x) protocol handler initialized
IR RC6 protocol handler initialized
IR JVC protocol handler initialized
IR Sony protocol handler initialized
IR RC5 (streamzap) protocol handler initialized
IR SANYO protocol handler initialized
IR MCE Keyboard/mouse protocol handler initialized
mxc_v4l2_output v4l2_out.30: V4L2 device registered as video16
mxc_v4l2_output v4l2_out.30: V4L2 device registered as video17
mxc_v4l2_output v4l2_out.30: V4L2 device registered as video18
mxc_v4l2_output v4l2_out.30: V4L2 device registered as video19
i2c-core: driver [mag3110] using legacy suspend method
i2c-core: driver [mag3110] using legacy resume method
sdhci: Secure Digital Host Controller Interface driver
sdhci: Copyright(c) Pierre Ossman
sdhci-pltfm: SDHCI platform and OF driver helper
mmc1: no vmmc regulator found
mmc1: SDHCI controller on 2194000.usdhc [2194000.usdhc] using ADMA
mmc3: no vqmmc regulator found
mmc3: no vmmc regulator found
mmc3: SDHCI controller on 219c000.usdhc [219c000.usdhc] using ADMA
Galcore version 5.0.11.25762
PU: Power-on latency exceeded, new value 2326333 ns
mmc3: BKOPS_EN bit is not set
usb 2-1: new high-speed USB device number 2 using ci_hdrc
mmc3: new high speed DDR MMC card at address 0001
mmcblk3: mmc3:0001 P1XXXX 3.60 GiB 
mmcblk3boot0: mmc3:0001 P1XXXX partition 1 2.00 MiB
mmcblk3boot1: mmc3:0001 P1XXXX partition 2 2.00 MiB
mmcblk3rpmb: mmc3:0001 P1XXXX partition 3 128 KiB
 mmcblk3: p1
 mmcblk3boot1: unknown partition table
ata1: SATA link up 1.5 Gbps (SStatus 113 SControl 300)
ata1.00: ATA-9: SanDisk SD6SB1M-032G-1006, X231706, max UDMA/100
ata1.00: 62533296 sectors, multi 1: LBA48 NCQ (depth 31/32)
ata1.00: configured for UDMA/100
scsi 0:0:0:0: Direct-Access     ATA      SanDisk SD6SB1M- 706  PQ: 0 ANSI: 5
sd 0:0:0:0: [sda] 62533296 512-byte logical blocks: (32.0 GB/29.8 GiB)
sd 0:0:0:0: [sda] Write Protect is off
sd 0:0:0:0: [sda] Write cache: enabled, read cache: enabled, doesn't support DPO or FUA
 sda: sda1 sda2 sda3
sd 0:0:0:0: [sda] Attached SCSI disk
 mmcblk3boot0: unknown partition table
hub 2-1:1.0: USB hub found
hub 2-1:1.0: 4 ports detected
usb 2-1.2: new high-speed USB device number 3 using ci_hdrc
mxc_vdoa 21e4000.vdoa: i.MX Video Data Order Adapter(VDOA) driver probed
mxc_vpu 2040000.vpu: VPU initialized
caam 2100000.caam: Instantiated RNG4 SH0
caam 2100000.caam: Instantiated RNG4 SH1
caam 2100000.caam: device ID = 0x0a160100 (Era 4)
caam 2100000.caam: job rings = 2, qi = 0
caam algorithms registered in /proc/crypto
caam_jr 2101000.jr0: registering rng-caam
platform caam_sm: blkkey_ex: 4 keystore units available
platform caam_sm: 64-bit clear key:
platform caam_sm: [0000] 00 01 02 03 04 0f 06 07
platform caam_sm: 64-bit black key:
platform caam_sm: [0000] e8 c9 7b 3f bd 58 05 29
platform caam_sm: [0008] 27 1a 45 f7 66 62 be 75
platform caam_sm: 128-bit clear key:
platform caam_sm: [0000] 00 01 02 03 04 0f 06 07
platform caam_sm: [0008] 08 09 0a 0b 0c 0d 0e 0f
platform caam_sm: 128-bit black key:
platform caam_sm: [0000] b2 fe 5b 6b 02 bf b7 0b
platform caam_sm: [0008] 03 d9 ec 68 23 4f ed 47
platform caam_sm: 192-bit clear key:
platform caam_sm: [0000] 00 01 02 03 04 0f 06 07
platform caam_sm: [0008] 08 09 0a 0b 0c 0d 0e 0f
platform caam_sm: [0016] 10 11 12 13 14 15 16 17
platform caam_sm: 192-bit black key:
platform caam_sm: [0000] 58 f4 01 c8 71 31 24 be
platform caam_sm: [0008] 92 d5 a0 c8 76 a7 bb 3f
platform caam_sm: [0016] 3e 77 50 4b f3 84 be 44
platform caam_sm: [0024] 62 5f f7 b9 1c e5 bf 50
platform caam_sm: 256-bit clear key:
platform caam_sm: [0000] 00 01 02 03 04 0f 06 07
platform caam_sm: [0008] 08 09 0a 0b 0c 0d 0e 0f
platform caam_sm: [0016] 10 11 12 13 14 15 16 17
platform caam_sm: [0024] 18 19 1a 1b 1c 1d 1e 1f
platform caam_sm: 256-bit black key:
platform caam_sm: [0000] 46 dc e6 bf a8 47 ac 5b
platform caam_sm: [0008] 86 55 ba f3 a4 ad e1 37
platform caam_sm: [0016] e8 53 c6 8c 04 77 d2 58
platform caam_sm: [0024] c3 6b 32 c0 60 44 03 b9
platform caam_sm: 64-bit unwritten blob:
platform caam_sm: [0000] 00 00 00 00 00 00 00 00
platform caam_sm: [0008] 00 00 00 00 00 00 00 00
platform caam_sm: [0016] 00 00 00 00 00 00 00 00
platform caam_sm: [0024] 00 00 00 00 00 00 00 00
platform caam_sm: [0032] 00 00 00 00 00 00 00 00
platform caam_sm: [0040] 00 00 00 00 00 00 00 00
platform caam_sm: [0048] 00 00 00 00 00 00 00 00
platform caam_sm: [0056] 00 00 00 00 00 00 00 00
platform caam_sm: [0064] 00 00 00 00 00 00 00 00
platform caam_sm: [0072] 00 00 00 00 00 00 00 00
platform caam_sm: [0080] 00 00 00 00 00 00 00 00
platform caam_sm: [0088] 00 00 00 00 00 00 00 00
platform caam_sm: 128-bit unwritten blob:
platform caam_sm: [0000] 00 00 00 00 00 00 00 00
platform caam_sm: [0008] 00 00 00 00 00 00 00 00
platform caam_sm: [0016] 00 00 00 00 00 00 00 00
platform caam_sm: [0024] 00 00 00 00 00 00 00 00
platform caam_sm: [0032] 00 00 00 00 00 00 00 00
platform caam_sm: [0040] 00 00 00 00 00 00 00 00
platform caam_sm: [0048] 00 00 00 00 00 00 00 00
platform caam_sm: [0056] 00 00 00 00 00 00 00 00
platform caam_sm: [0064] 00 00 00 00 00 00 00 00
platform caam_sm: [0072] 00 00 00 00 00 00 00 00
platform caam_sm: [0080] 00 00 00 00 00 00 00 00
platform caam_sm: [0088] 00 00 00 00 00 00 00 00
platform caam_sm: 196-bit unwritten blob:
platform caam_sm: [0000] 00 00 00 00 00 00 00 00
platform caam_sm: [0008] 00 00 00 00 00 00 00 00
platform caam_sm: [0016] 00 00 00 00 00 00 00 00
platform caam_sm: [0024] 00 00 00 00 00 00 00 00
platform caam_sm: [0032] 00 00 00 00 00 00 00 00
platform caam_sm: [0040] 00 00 00 00 00 00 00 00
platform caam_sm: [0048] 00 00 00 00 00 00 00 00
platform caam_sm: [0056] 00 00 00 00 00 00 00 00
platform caam_sm: [0064] 00 00 00 00 00 00 00 00
platform caam_sm: [0072] 00 00 00 00 00 00 00 00
platform caam_sm: [0080] 00 00 00 00 00 00 00 00
platform caam_sm: [0088] 00 00 00 00 00 00 00 00
platform caam_sm: 256-bit unwritten blob:
platform caam_sm: [0000] 00 00 00 00 00 00 00 00
platform caam_sm: [0008] 00 00 00 00 00 00 00 00
platform caam_sm: [0016] 00 00 00 00 00 00 00 00
platform caam_sm: [0024] 00 00 00 00 00 00 00 00
platform caam_sm: [0032] 00 00 00 00 00 00 00 00
platform caam_sm: [0040] 00 00 00 00 00 00 00 00
platform caam_sm: [0048] 00 00 00 00 00 00 00 00
platform caam_sm: [0056] 00 00 00 00 00 00 00 00
platform caam_sm: [0064] 00 00 00 00 00 00 00 00
platform caam_sm: [0072] 00 00 00 00 00 00 00 00
platform caam_sm: [0080] 00 00 00 00 00 00 00 00
platform caam_sm: [0088] 00 00 00 00 00 00 00 00
platform caam_sm: 64-bit black key in blob:
platform caam_sm: [0000] 79 24 46 51 2f 27 c9 19
platform caam_sm: [0008] 08 7c 43 9f a1 40 bd 8b
platform caam_sm: [0016] dc ad cb 1e 33 82 25 1e
platform caam_sm: [0024] a8 29 a2 0c 15 4b 31 83
platform caam_sm: [0032] 69 2b b0 7e b3 39 20 10
platform caam_sm: [0040] c3 e9 d4 e0 13 29 5b 09
platform caam_sm: [0048] 06 21 67 1b 74 27 3d 7c
platform caam_sm: [0056] 00 00 00 00 00 00 00 00
platform caam_sm: [0064] 00 00 00 00 00 00 00 00
platform caam_sm: [0072] 00 00 00 00 00 00 00 00
platform caam_sm: [0080] 00 00 00 00 00 00 00 00
platform caam_sm: [0088] 00 00 00 00 00 00 00 00
platform caam_sm: 128-bit black key in blob:
platform caam_sm: [0000] 62 b9 52 2d a0 e8 00 13
platform caam_sm: [0008] 62 38 36 67 e5 07 b8 2b
platform caam_sm: [0016] 47 fb 51 3e 47 ad 96 12
platform caam_sm: [0024] 11 1f cb 04 ad f6 aa 1d
platform caam_sm: [0032] 14 14 88 ca a6 4b fe 46
platform caam_sm: [0040] 6b 1e 88 b8 c9 03 db d2
platform caam_sm: [0048] 1c 1b c6 61 9a b0 17 b1
platform caam_sm: [0056] cf 98 d9 2f 9d bb 1c 47
platform caam_sm: [0064] 00 00 00 00 00 00 00 00
platform caam_sm: [0072] 00 00 00 00 00 00 00 00
platform caam_sm: [0080] 00 00 00 00 00 00 00 00
platform caam_sm: [0088] 00 00 00 00 00 00 00 00
platform caam_sm: 192-bit black key in blob:
platform caam_sm: [0000] 0d af 06 93 63 b2 c6 dc
platform caam_sm: [0008] cc af 94 9c 48 26 dc fa
platform caam_sm: [0016] bb 44 01 62 ad ac b8 af
platform caam_sm: [0024] db 4e 5f 2e 8d ea 88 5b
platform caam_sm: [0032] cb 94 e1 a6 a2 c4 85 35
platform caam_sm: [0040] 6d ec 33 2e 8f 25 86 9a
platform caam_sm: [0048] 9c c3 36 c1 1f 08 6c 1c
platform caam_sm: [0056] b6 6d f9 ce 28 b7 94 5b
platform caam_sm: [0064] 2c d9 10 44 c4 29 78 c8
platform caam_sm: [0072] 00 00 00 00 00 00 00 00
platform caam_sm: [0080] 00 00 00 00 00 00 00 00
platform caam_sm: [0088] 00 00 00 00 00 00 00 00
platform caam_sm: 256-bit black key in blob:
platform caam_sm: [0000] 8d 6f f2 a3 c5 7e 66 2c
platform caam_sm: [0008] c6 56 c4 cb 2d 16 15 82
platform caam_sm: [0016] 5e 7f d4 95 b5 c0 70 4f
platform caam_sm: [0024] 04 64 a6 21 8d 7c d0 8d
platform caam_sm: [0032] cb 8b 4b 00 ef 9c 0f b0
platform caam_sm: [0040] b2 f0 a8 94 60 ab 42 f2
platform caam_sm: [0048] e9 69 d9 bd 1c 67 7f 72
platform caam_sm: [0056] 8b 18 4a c9 03 98 37 76
platform caam_sm: [0064] b2 1b 6a 09 8f 5c 4a 76
platform caam_sm: [0072] 86 90 77 10 65 be a5 4d
platform caam_sm: [0080] 00 00 00 00 00 00 00 00
platform caam_sm: [0088] 00 00 00 00 00 00 00 00
platform caam_sm: restored 64-bit black key:
platform caam_sm: [0000] 38 77 9f 60 12 02 b5 c0
platform caam_sm: [0008] c6 2d bf 40 1f 28 8d 06
platform caam_sm: restored 128-bit black key:
platform caam_sm: [0000] b2 fe 5b 6b 02 bf b7 0b
platform caam_sm: [0008] 03 d9 ec 68 23 4f ed 47
platform caam_sm: restored 192-bit black key:
platform caam_sm: [0000] 58 f4 01 c8 71 31 24 be
platform caam_sm: [0008] 92 d5 a0 c8 76 a7 bb 3f
platform caam_sm: [0016] b1 80 df 24 79 ad 04 af
platform caam_sm: [0024] d9 ec bb 13 cf ff c5 a6
platform caam_sm: restored 256-bit black key:
platform caam_sm: [0000] 46 dc e6 bf a8 47 ac 5b
platform caam_sm: [0008] 86 55 ba f3 a4 ad e1 37
platform caam_sm: [0016] e8 53 c6 8c 04 77 d2 58
platform caam_sm: [0024] c3 6b 32 c0 60 44 03 b9
snvs-secvio 20cc000.caam-snvs: violation handlers armed - non-secure state
usbcore: registered new interface driver usbhid
usbhid: USB HID core driver
r8712u: Staging version
r8712u: register rtl8712_netdev_ops to netdev_ops
usb 2-1.2: r8712u: USB_SPEED_HIGH with 4 endpoints
usb 2-1.2: r8712u: Boot from EFUSE: Autoload OK
usb 2-1.2: r8712u: CustomerID = 0x0000
usb 2-1.2: r8712u: MAC Address from efuse = 00:34:f1:80:0e:23
usb 2-1.2: r8712u: Loading firmware from "rtlwifi/rtl8712u.bin"
usb 2-1.2: Direct firmware load failed with error -2
usb 2-1.2: Falling back to user helper
usbcore: registered new interface driver r8712u
sgtl5000 2-000a: sgtl5000 revision 0x11
fsl-asrc 2034000.asrc: driver registered
2-000a: 1200 mV normal 
sgtl5000 2-000a: Using internal LDO instead of VDDD
imx-sgtl5000 sound.23: sgtl5000 <-> 2028000.ssi mapping ok
imx-audio-hdmi sound-hdmi.24: hdmi-hifi <-> hdmi_audio.3 mapping ok
NET: Registered protocol family 26
TCP: cubic registered
NET: Registered protocol family 10
sit: IPv6 over IPv4 tunneling driver
NET: Registered protocol family 17
can: controller area network core (rev 20120528 abi 9)
NET: Registered protocol family 29
can: raw protocol (rev 20120528)
can: broadcast manager protocol (rev 20120528 t)
can: netlink gateway (rev 20130117) max_hops=1
8021q: 802.1Q VLAN Support v1.8
lib80211: common routines for IEEE802.11 drivers
Key type dns_resolver registered
VGEN2: disabling
VGEN1: disabling
SWBST: disabling
SW4: disabling
CAN XCVR: disabling
sd2_pwr: disabling
sensor-supply: disabling
regulator-dummy: disabling
imx mcc test is registered.
snvs_rtc 20cc034.snvs-rtc-lp: setting system clock to 1970-01-01 00:00:02 UTC (2)
ALSA device list:
  #0: imx6q-movis-sgtl5000
  #1: imx-hdmi-soc
EXT4-fs (sda3): recovery complete
EXT4-fs (sda3): mounted filesystem with ordered data mode. Opts: (null)
VFS: Mounted root (ext4 filesystem) on device 8:3.
devtmpfs: mounted
Freeing unused kernel memory: 328K (80d58000 - 80daa000)
starting pid 165, tty '': '/etc/rc.d/rcS'
Mounting /proc and /sys 
Starting the hotplug events dispatcher udevd
udevd (176): /proc/176/oom_adj is deprecated, please use /proc/176/oom_score_adj instead.
Synthesizing initial hotplug events
Setting the hostname to freescale
Mounting filesystems
EXT4-fs (sda3): re-mounted. Opts: (null)
mount: mounting usbfs on /proc/bus/usb failed: No such file or directory
Starting the dropbear ssh server: 
random: dropbear urandom read with 118 bits of entropy available
random: nonblocking pool is initialized
D-Bus per-session daemon address is: unix:abstract=/tmp/dbus-DkzEAnbrZx,guid=ce0693a36baa7a08c279f8e100000006
gtk: creating gdk-pixbuf.loaders
pango: creating module list
starting pid 1592, tty '': '/etc/rc.d/rc_gpu.S'
/etc/rc.d/rc_gpu.S: line 6: /sys/module/galcore/parameters/gpu3DMinClock: Permission denied
starting pid 1600, tty '': '/etc/rc.d/rc_mxc.S'
(EE) XKB: Couldn't open rules file /usr/share/X11/xkb/rules/base
(EE) XKB: No components provided for device Virtual core keyboard

arm-none-linux-gnueabi-gcc (Freescale MAD -- Linaro 2011.07 -- Built at 2011/08/10 09:20) 4.6.2 20110630 (prerelease)
root filesystem built on Fri, 16 Aug 2013 20:23:44 +0800
Freescale Semiconductor, Inc.

freescale login: root
login[1602]: root login on 'ttymxc0'


BusyBox v1.20.2 () built-in shell (ash)
Enter 'help' for a list of built-in commands.

root@freescale ~$ cd /
root@freescale /$ 
root@freescale /$ 
root@freescale /$ ls
bin                include            root               tmp
dev                lib                sbin               unit_tests
etc                lost+found         share              usr
g_mass_storage.ko  mnt                sierra.ko          var
g_serial.ko        opt                sierra_net.ko      zumi
home               proc               sys
root@freescale /$ 
root@freescale /$ 
root@freescale /$ matchbox: keyboard does not appear to have a <alt> key.
matchbox: ignoring key shortcut <Alt>n=next

matchbox: keyboard does not appear to have a <alt> key.
matchbox: ignoring key shortcut <Alt>p=prev

matchbox: keyboard does not appear to have a <alt> key.
matchbox: ignoring key shortcut <Alt>c=close

matchbox: keyboard does not appear to have a <alt> key.
matchbox: ignoring key shortcut <Alt>d=desktop

matchbox: keyboard does not appear to have a <alt> key.
matchbox: ignoring key shortcut <Alt>m=!matchbox-remote -mbmenu

matchbox: keyboard does not appear to have a <alt> key.
matchbox: ignoring key shortcut <ctrl><alt>x=!xterm

matchbox: keyboard does not appear to have a <alt> key.
matchbox: ignoring key shortcut <ctrl><alt>r=!rxvt

matchbox: keyboard does not appear to have a <alt> key.
matchbox: ignoring key shortcut <ctrl><alt>e=!!gpe-calender

matchbox: keyboard does not appear to have a <alt> key.
matchbox: ignoring key shortcut <alt>Tab=next

matchbox: keyboard does not appear to have a <alt> key.
matchbox: ignoring key shortcut <alt><shift>Tab=prev

matchbox: keyboard does not appear to have a <alt> key.
matchbox: ignoring key shortcut <alt>space=taskmenu

matchbox: keyboard does not appear to have a <alt> key.
matchbox: ignoring key shortcut <alt>escape=!matchbox-remote -mbmenu

matchbox: keyboard does not appear to have a <alt> key.
matchbox: ignoring key shortcut <alt>f4=close

matchbox: Cant find a keycode for keysym 65480
matchbox: ignoring key shortcut f11=fullscreen

Failed to get root pixmap id
matchbox-desktop: loading /usr/lib/matchbox/desktop/tasks.so with args ( None )
matchbox-desktop: loading /usr/lib/matchbox/desktop/dotdesktop.so with args ( None )
mb-applet-menu-launcher: bonobo-browser.desktop has no icon, png or name
mb-applet-menu-launcher: failed to open /usr/local/share/applications
mb-applet-menu-launcher: failed to open //.applications
user_overides is (nil)
mb-desktop-dotdesktop: failed to open /usr/local/share/applications
mb-desktop-dotdesktop: failed to open //.applications
mb-applet-menu-launcher: bonobo-browser.desktop has no icon, png or name
mb-applet-menu-launcher: failed to open /usr/local/share/applications
mb-applet-menu-launcher: failed to open //.applications

root@freescale /$ usb 1-1: new high-speed USB device number 2 using ci_hdrc
usb-storage 1-1:1.0: USB Mass Storage device detected
scsi1 : usb-storage 1-1:1.0
scsi 1:0:0:0: Direct-Access     hp       v210w            1100 PQ: 0 ANSI: 4
sd 1:0:0:0: [sdb] 7907328 512-byte logical blocks: (4.04 GB/3.77 GiB)
sd 1:0:0:0: [sdb] Write Protect is off
sd 1:0:0:0: [sdb] No Caching mode page found
sd 1:0:0:0: [sdb] Assuming drive cache: write through
sd 1:0:0:0: [sdb] No Caching mode page found
sd 1:0:0:0: [sdb] Assuming drive cache: write through
 sdb: sdb1
sd 1:0:0:0: [sdb] No Caching mode page found
sd 1:0:0:0: [sdb] Assuming drive cache: write through
sd 1:0:0:0: [sdb] Attached SCSI removable disk

root@freescale /$ mount /dev/sdb /mnt/sda1/
mount: mounting /dev/sdb on /mnt/sda1/ failed: Invalid argument
root@freescale /$ mount /dev/sdb /mnt/sda
sda1/  sda2/  sda3/
root@freescale /$ mount /dev/sdb /mnt/sda3/
mount: mounting /dev/sdb on /mnt/sda3/ failed: Invalid argument
root@freescale /$ df
Filesystem           1K-blocks      Used Available Use% Mounted on
/dev/root             30367760   1253632  27548480   4% /
devtmpfs               1031896        56   1031840   0% /dev
tmpfs                  1031896        56   1031840   0% /dev
shm                    1031896         0   1031896   0% /dev/shm
rwfs                       512         0       512   0% /mnt/rwfs
root@freescale /$ mount
rootfs on / type rootfs (rw)
/dev/root on / type ext4 (rw,relatime,data=ordered)
devtmpfs on /dev type devtmpfs (rw,relatime,size=867892k,nr_inodes=216973,mode=755)
proc on /proc type proc (rw,relatime)
sys on /sys type sysfs (rw,relatime)
tmpfs on /dev type tmpfs (rw,relatime,mode=755)
devpts on /dev/pts type devpts (rw,relatime,mode=600,ptmxmode=000)
shm on /dev/shm type tmpfs (rw,relatime)
rwfs on /mnt/rwfs type tmpfs (rw,relatime,size=512k)
root@freescale /$ mount /dev/sdb1 /mnt/sda3/
FAT-fs (sdb1): Volume was not properly unmounted. Some data may be corrupt. Please run fsck.
root@freescale /$ 
root@freescale /$ 
root@freescale /$ 
root@freescale /$ cd /mnt/sda3
root@freescale /mnt/sda3$ ls
D R I V E R S                  install
EFI                            isolinux
Enhance IMX6 Core ESIP.PDF     license.txt
README.diskdefines             md5sum.txt
System Volume Information      movis
Test_b.afx.S19                 paving_panel.afx.S19
Uni-USB-Installer-Copying.txt  paving_panel_repo
Uni-USB-Installer-Readme.txt   pics
autorun.inf                    pool
boot                           preseed
casper                         uui
dists                          wubi.exe
root@freescale /mnt/sda3$ 
root@freescale /mnt/sda3$ 
root@freescale /mnt/sda3$ mkdir movis
mkdir: can't create directory 'movis': File exists
root@freescale /mnt/sda3$ cd movis/
root@freescale /mnt/sda3/movis$ ls
hi
root@freescale /mnt/sda3/movis$ cat hi 
ihi
root@freescale /mnt/sda3/movis$ usb 1-1: USB disconnect, device number 2

root@freescale /mnt/sda3/movis$ 
root@freescale /mnt/sda3/movis$ usb 1-1: new high-speed USB device number 3 using ci_hdrc
usb-storage 1-1:1.0: USB Mass Storage device detected
scsi2 : usb-storage 1-1:1.0
scsi 2:0:0:0: Direct-Access     hp       v210w            1100 PQ: 0 ANSI: 4
sd 2:0:0:0: [sdc] 7907328 512-byte logical blocks: (4.04 GB/3.77 GiB)
sd 2:0:0:0: [sdc] Write Protect is off
sd 2:0:0:0: [sdc] No Caching mode page found
sd 2:0:0:0: [sdc] Assuming drive cache: write through
sd 2:0:0:0: [sdc] No Caching mode page found
sd 2:0:0:0: [sdc] Assuming drive cache: write through
 sdc: sdc1
sd 2:0:0:0: [sdc] No Caching mode page found
sd 2:0:0:0: [sdc] Assuming drive cache: write through
sd 2:0:0:0: [sdc] Attached SCSI removable disk
usb 1-1: USB disconnect, device number 3

root@freescale /mnt/sda3/movis$ 
root@freescale /mnt/sda3/movis$ 
